================================================================================
UnitTests/SoarTestAgents/Chunking/expected/ChunkingTests_Constraint_Prop_Simple_expected.soar
================================================================================

sp {answer*chunk*make-chunk1*snc*t2-1
    (state <s1> ^superstate nil)
    (<s1> ^word2 <c1>)
    (<s1> ^word { <> <c1> <> not-object << object 7 >> <> word-make <> word-propose <c2> })
    -->
    (<s1> ^result <c2> +)
}
--------------------------------------------------------------------------------

(source_file
  (production
    (prod_name)
    (condsForOneId
      (condType)
      (singleTest
        (variable))
      (attrValueTests
        (singleTest
          (string))
        (valueTest
          (singleTest
            (string)))))
    (condsForOneId
      (singleTest
        (variable))
      (attrValueTests
        (singleTest
          (string))
        (valueTest
          (singleTest
            (variable)))))
    (condsForOneId
      (singleTest
        (variable))
      (attrValueTests
        (singleTest
          (string))
        (valueTest
          (conjunctiveTest
            (relationalTest
              (relation)
              (singleTest
                (variable)))
            (relationalTest
              (relation)
              (singleTest
                (string)))
            (disjunctionTest
              (string)
              (string))
            (relationalTest
              (relation)
              (singleTest
                (string)))
            (relationalTest
              (relation)
              (singleTest
                (string)))
            (singleTest
              (variable))))))
    (variableMutation
      (variable)
      (attrValueMake
        (string)
        (valueMake
          (variable)
          (preferenceSpecifier
            (unaryPreference)))))))
