================================================================================
UnitTests/SoarTestAgents/Chunking/expected/ChunkingDemoTests_Demo_RL_Unit_expected.soar
================================================================================

sp {rlanswer*value*function*9
    (state <s1> ^operator <o1> +)
    (<o1> ^rl alpha ^name four-four)
    -->
    (<s1> ^operator <o1> = 0)
}

sp {rlanswer*value*function*8
    (state <s1> ^operator <o1> +)
    (<o1> ^rl alpha ^name four-one)
    -->
    (<s1> ^operator <o1> = 0)
}

sp {rlanswer*value*function*7
    (state <s1> ^operator <o1> +)
    (<o1> ^rl alpha ^name three-two)
    -->
    (<s1> ^operator <o1> = 0)
}

sp {rlanswer*value*function*6
    (state <s1> ^operator <o1> +)
    (<o1> ^rl alpha ^name three-one)
    -->
    (<s1> ^operator <o1> = 0)
}

sp {rlanswer*value*function*5
    (state <s1> ^operator <o1> +)
    (<o1> ^rl alpha ^name two-three)
    -->
    (<s1> ^operator <o1> = 0)
}

sp {rlanswer*value*function*4
    (state <s1> ^operator <o1> +)
    (<o1> ^rl alpha ^name two-one)
    -->
    (<s1> ^operator <o1> = 0)
}

sp {rlanswer*value*function*3
    (state <s1> ^operator <o1> +)
    (<o1> ^rl alpha ^name one-two)
    -->
    (<s1> ^operator <o1> = 0)
}

sp {rlanswer*value*function*2
    (state <s1> ^operator <o1> +)
    (<o1> ^rl alpha ^name one-one)
    -->
    (<s1> ^operator <o1> = 0)
}

sp {rlanswer*value*function*1
    (state <s1> ^operator <o1> +)
    (<o1> ^rl alpha ^name initialize-rl-unit)
    -->
    (<s1> ^operator <o1> = 0)
}

sp {answer*apply*four-four*OpNoChange*t24-1
    (state <s1> ^operator <o1>)
    (<o1> ^name four)
    -->
    (<s1> ^case four - ^case five +)
}

sp {answer*apply*four-three-one*OpNoChange*t23-1
    (state <s1> ^operator <o1>)
    (<o1> ^name four-three)
    -->
    (<s1> ^phase three - ^phase four +)
}

sp {answer*apply*three-two*OpNoChange*t16-1
    (state <s1> ^operator <o1>)
    (<o1> ^name three)
    -->
    (<s1> ^case three - ^case four +)
}

sp {answer*apply*three-one-one*OpNoChange*t15-1
    (state <s1> ^operator <o1>)
    (<o1> ^name three-one)
    -->
    (<s1> ^phase two +)
}

sp {answer*apply*two-three*OpNoChange*t10-1
    (state <s1> ^operator <o1>)
    (<o1> ^name two)
    -->
    (<s1> ^case two - ^case three +)
}

sp {answer*apply*one-two*OpNoChange*t5-1
    (state <s1> ^operator <o1>)
    (<o1> ^name one)
    -->
    (<s1> ^case one - ^case two +)
}




--------------------------------------------------------------------------------

(source_file
  (production
    (beginning
      (prod_name))
    (LHS
      (cond
        (positiveCond
          (condsForOneId
            (condType)
            (idTest
              (test
                (simpleTest
                  (singleTest
                    (variable)))))
            (attrValueTests
              (attrTest
                (test
                  (simpleTest
                    (singleTest
                      (constant
                        (symConstant
                          (string)))))))
              (valueTest
                (test
                  (simpleTest
                    (singleTest
                      (variable)))))))))
      (cond
        (positiveCond
          (condsForOneId
            (idTest
              (test
                (simpleTest
                  (singleTest
                    (variable)))))
            (attrValueTests
              (attrTest
                (test
                  (simpleTest
                    (singleTest
                      (constant
                        (symConstant
                          (string)))))))
              (valueTest
                (test
                  (simpleTest
                    (singleTest
                      (constant
                        (symConstant
                          (string))))))))
            (attrValueTests
              (attrTest
                (test
                  (simpleTest
                    (singleTest
                      (constant
                        (symConstant
                          (string)))))))
              (valueTest
                (test
                  (simpleTest
                    (singleTest
                      (constant
                        (symConstant
                          (string))))))))))))
    (action
      (variable)
      (attrValueMake
        (rhsValue
          (constant
            (symConstant
              (string))))
        (valueMake
          (rhsValue
            (variable))
          (preferenceSpecifier
            (unaryOrBinaryPreference)
            (rhsValue
              (constant
                (intConstant))))))))
  (production
    (beginning
      (prod_name))
    (LHS
      (cond
        (positiveCond
          (condsForOneId
            (condType)
            (idTest
              (test
                (simpleTest
                  (singleTest
                    (variable)))))
            (attrValueTests
              (attrTest
                (test
                  (simpleTest
                    (singleTest
                      (constant
                        (symConstant
                          (string)))))))
              (valueTest
                (test
                  (simpleTest
                    (singleTest
                      (variable)))))))))
      (cond
        (positiveCond
          (condsForOneId
            (idTest
              (test
                (simpleTest
                  (singleTest
                    (variable)))))
            (attrValueTests
              (attrTest
                (test
                  (simpleTest
                    (singleTest
                      (constant
                        (symConstant
                          (string)))))))
              (valueTest
                (test
                  (simpleTest
                    (singleTest
                      (constant
                        (symConstant
                          (string))))))))
            (attrValueTests
              (attrTest
                (test
                  (simpleTest
                    (singleTest
                      (constant
                        (symConstant
                          (string)))))))
              (valueTest
                (test
                  (simpleTest
                    (singleTest
                      (constant
                        (symConstant
                          (string))))))))))))
    (action
      (variable)
      (attrValueMake
        (rhsValue
          (constant
            (symConstant
              (string))))
        (valueMake
          (rhsValue
            (variable))
          (preferenceSpecifier
            (unaryOrBinaryPreference)
            (rhsValue
              (constant
                (intConstant))))))))
  (production
    (beginning
      (prod_name))
    (LHS
      (cond
        (positiveCond
          (condsForOneId
            (condType)
            (idTest
              (test
                (simpleTest
                  (singleTest
                    (variable)))))
            (attrValueTests
              (attrTest
                (test
                  (simpleTest
                    (singleTest
                      (constant
                        (symConstant
                          (string)))))))
              (valueTest
                (test
                  (simpleTest
                    (singleTest
                      (variable)))))))))
      (cond
        (positiveCond
          (condsForOneId
            (idTest
              (test
                (simpleTest
                  (singleTest
                    (variable)))))
            (attrValueTests
              (attrTest
                (test
                  (simpleTest
                    (singleTest
                      (constant
                        (symConstant
                          (string)))))))
              (valueTest
                (test
                  (simpleTest
                    (singleTest
                      (constant
                        (symConstant
                          (string))))))))
            (attrValueTests
              (attrTest
                (test
                  (simpleTest
                    (singleTest
                      (constant
                        (symConstant
                          (string)))))))
              (valueTest
                (test
                  (simpleTest
                    (singleTest
                      (constant
                        (symConstant
                          (string))))))))))))
    (action
      (variable)
      (attrValueMake
        (rhsValue
          (constant
            (symConstant
              (string))))
        (valueMake
          (rhsValue
            (variable))
          (preferenceSpecifier
            (unaryOrBinaryPreference)
            (rhsValue
              (constant
                (intConstant))))))))
  (production
    (beginning
      (prod_name))
    (LHS
      (cond
        (positiveCond
          (condsForOneId
            (condType)
            (idTest
              (test
                (simpleTest
                  (singleTest
                    (variable)))))
            (attrValueTests
              (attrTest
                (test
                  (simpleTest
                    (singleTest
                      (constant
                        (symConstant
                          (string)))))))
              (valueTest
                (test
                  (simpleTest
                    (singleTest
                      (variable)))))))))
      (cond
        (positiveCond
          (condsForOneId
            (idTest
              (test
                (simpleTest
                  (singleTest
                    (variable)))))
            (attrValueTests
              (attrTest
                (test
                  (simpleTest
                    (singleTest
                      (constant
                        (symConstant
                          (string)))))))
              (valueTest
                (test
                  (simpleTest
                    (singleTest
                      (constant
                        (symConstant
                          (string))))))))
            (attrValueTests
              (attrTest
                (test
                  (simpleTest
                    (singleTest
                      (constant
                        (symConstant
                          (string)))))))
              (valueTest
                (test
                  (simpleTest
                    (singleTest
                      (constant
                        (symConstant
                          (string))))))))))))
    (action
      (variable)
      (attrValueMake
        (rhsValue
          (constant
            (symConstant
              (string))))
        (valueMake
          (rhsValue
            (variable))
          (preferenceSpecifier
            (unaryOrBinaryPreference)
            (rhsValue
              (constant
                (intConstant))))))))
  (production
    (beginning
      (prod_name))
    (LHS
      (cond
        (positiveCond
          (condsForOneId
            (condType)
            (idTest
              (test
                (simpleTest
                  (singleTest
                    (variable)))))
            (attrValueTests
              (attrTest
                (test
                  (simpleTest
                    (singleTest
                      (constant
                        (symConstant
                          (string)))))))
              (valueTest
                (test
                  (simpleTest
                    (singleTest
                      (variable)))))))))
      (cond
        (positiveCond
          (condsForOneId
            (idTest
              (test
                (simpleTest
                  (singleTest
                    (variable)))))
            (attrValueTests
              (attrTest
                (test
                  (simpleTest
                    (singleTest
                      (constant
                        (symConstant
                          (string)))))))
              (valueTest
                (test
                  (simpleTest
                    (singleTest
                      (constant
                        (symConstant
                          (string))))))))
            (attrValueTests
              (attrTest
                (test
                  (simpleTest
                    (singleTest
                      (constant
                        (symConstant
                          (string)))))))
              (valueTest
                (test
                  (simpleTest
                    (singleTest
                      (constant
                        (symConstant
                          (string))))))))))))
    (action
      (variable)
      (attrValueMake
        (rhsValue
          (constant
            (symConstant
              (string))))
        (valueMake
          (rhsValue
            (variable))
          (preferenceSpecifier
            (unaryOrBinaryPreference)
            (rhsValue
              (constant
                (intConstant))))))))
  (production
    (beginning
      (prod_name))
    (LHS
      (cond
        (positiveCond
          (condsForOneId
            (condType)
            (idTest
              (test
                (simpleTest
                  (singleTest
                    (variable)))))
            (attrValueTests
              (attrTest
                (test
                  (simpleTest
                    (singleTest
                      (constant
                        (symConstant
                          (string)))))))
              (valueTest
                (test
                  (simpleTest
                    (singleTest
                      (variable)))))))))
      (cond
        (positiveCond
          (condsForOneId
            (idTest
              (test
                (simpleTest
                  (singleTest
                    (variable)))))
            (attrValueTests
              (attrTest
                (test
                  (simpleTest
                    (singleTest
                      (constant
                        (symConstant
                          (string)))))))
              (valueTest
                (test
                  (simpleTest
                    (singleTest
                      (constant
                        (symConstant
                          (string))))))))
            (attrValueTests
              (attrTest
                (test
                  (simpleTest
                    (singleTest
                      (constant
                        (symConstant
                          (string)))))))
              (valueTest
                (test
                  (simpleTest
                    (singleTest
                      (constant
                        (symConstant
                          (string))))))))))))
    (action
      (variable)
      (attrValueMake
        (rhsValue
          (constant
            (symConstant
              (string))))
        (valueMake
          (rhsValue
            (variable))
          (preferenceSpecifier
            (unaryOrBinaryPreference)
            (rhsValue
              (constant
                (intConstant))))))))
  (production
    (beginning
      (prod_name))
    (LHS
      (cond
        (positiveCond
          (condsForOneId
            (condType)
            (idTest
              (test
                (simpleTest
                  (singleTest
                    (variable)))))
            (attrValueTests
              (attrTest
                (test
                  (simpleTest
                    (singleTest
                      (constant
                        (symConstant
                          (string)))))))
              (valueTest
                (test
                  (simpleTest
                    (singleTest
                      (variable)))))))))
      (cond
        (positiveCond
          (condsForOneId
            (idTest
              (test
                (simpleTest
                  (singleTest
                    (variable)))))
            (attrValueTests
              (attrTest
                (test
                  (simpleTest
                    (singleTest
                      (constant
                        (symConstant
                          (string)))))))
              (valueTest
                (test
                  (simpleTest
                    (singleTest
                      (constant
                        (symConstant
                          (string))))))))
            (attrValueTests
              (attrTest
                (test
                  (simpleTest
                    (singleTest
                      (constant
                        (symConstant
                          (string)))))))
              (valueTest
                (test
                  (simpleTest
                    (singleTest
                      (constant
                        (symConstant
                          (string))))))))))))
    (action
      (variable)
      (attrValueMake
        (rhsValue
          (constant
            (symConstant
              (string))))
        (valueMake
          (rhsValue
            (variable))
          (preferenceSpecifier
            (unaryOrBinaryPreference)
            (rhsValue
              (constant
                (intConstant))))))))
  (production
    (beginning
      (prod_name))
    (LHS
      (cond
        (positiveCond
          (condsForOneId
            (condType)
            (idTest
              (test
                (simpleTest
                  (singleTest
                    (variable)))))
            (attrValueTests
              (attrTest
                (test
                  (simpleTest
                    (singleTest
                      (constant
                        (symConstant
                          (string)))))))
              (valueTest
                (test
                  (simpleTest
                    (singleTest
                      (variable)))))))))
      (cond
        (positiveCond
          (condsForOneId
            (idTest
              (test
                (simpleTest
                  (singleTest
                    (variable)))))
            (attrValueTests
              (attrTest
                (test
                  (simpleTest
                    (singleTest
                      (constant
                        (symConstant
                          (string)))))))
              (valueTest
                (test
                  (simpleTest
                    (singleTest
                      (constant
                        (symConstant
                          (string))))))))
            (attrValueTests
              (attrTest
                (test
                  (simpleTest
                    (singleTest
                      (constant
                        (symConstant
                          (string)))))))
              (valueTest
                (test
                  (simpleTest
                    (singleTest
                      (constant
                        (symConstant
                          (string))))))))))))
    (action
      (variable)
      (attrValueMake
        (rhsValue
          (constant
            (symConstant
              (string))))
        (valueMake
          (rhsValue
            (variable))
          (preferenceSpecifier
            (unaryOrBinaryPreference)
            (rhsValue
              (constant
                (intConstant))))))))
  (production
    (beginning
      (prod_name))
    (LHS
      (cond
        (positiveCond
          (condsForOneId
            (condType)
            (idTest
              (test
                (simpleTest
                  (singleTest
                    (variable)))))
            (attrValueTests
              (attrTest
                (test
                  (simpleTest
                    (singleTest
                      (constant
                        (symConstant
                          (string)))))))
              (valueTest
                (test
                  (simpleTest
                    (singleTest
                      (variable)))))))))
      (cond
        (positiveCond
          (condsForOneId
            (idTest
              (test
                (simpleTest
                  (singleTest
                    (variable)))))
            (attrValueTests
              (attrTest
                (test
                  (simpleTest
                    (singleTest
                      (constant
                        (symConstant
                          (string)))))))
              (valueTest
                (test
                  (simpleTest
                    (singleTest
                      (constant
                        (symConstant
                          (string))))))))
            (attrValueTests
              (attrTest
                (test
                  (simpleTest
                    (singleTest
                      (constant
                        (symConstant
                          (string)))))))
              (valueTest
                (test
                  (simpleTest
                    (singleTest
                      (constant
                        (symConstant
                          (string))))))))))))
    (action
      (variable)
      (attrValueMake
        (rhsValue
          (constant
            (symConstant
              (string))))
        (valueMake
          (rhsValue
            (variable))
          (preferenceSpecifier
            (unaryOrBinaryPreference)
            (rhsValue
              (constant
                (intConstant))))))))
  (production
    (beginning
      (prod_name))
    (LHS
      (cond
        (positiveCond
          (condsForOneId
            (condType)
            (idTest
              (test
                (simpleTest
                  (singleTest
                    (variable)))))
            (attrValueTests
              (attrTest
                (test
                  (simpleTest
                    (singleTest
                      (constant
                        (symConstant
                          (string)))))))
              (valueTest
                (test
                  (simpleTest
                    (singleTest
                      (variable)))))))))
      (cond
        (positiveCond
          (condsForOneId
            (idTest
              (test
                (simpleTest
                  (singleTest
                    (variable)))))
            (attrValueTests
              (attrTest
                (test
                  (simpleTest
                    (singleTest
                      (constant
                        (symConstant
                          (string)))))))
              (valueTest
                (test
                  (simpleTest
                    (singleTest
                      (constant
                        (symConstant
                          (string))))))))))))
    (action
      (variable)
      (attrValueMake
        (rhsValue
          (constant
            (symConstant
              (string))))
        (valueMake
          (rhsValue
            (constant
              (symConstant
                (string))))
          (preferenceSpecifier
            (unaryPreference))))
      (attrValueMake
        (rhsValue
          (constant
            (symConstant
              (string))))
        (valueMake
          (rhsValue
            (constant
              (symConstant
                (string))))
          (preferenceSpecifier
            (unaryPreference))))))
  (production
    (beginning
      (prod_name))
    (LHS
      (cond
        (positiveCond
          (condsForOneId
            (condType)
            (idTest
              (test
                (simpleTest
                  (singleTest
                    (variable)))))
            (attrValueTests
              (attrTest
                (test
                  (simpleTest
                    (singleTest
                      (constant
                        (symConstant
                          (string)))))))
              (valueTest
                (test
                  (simpleTest
                    (singleTest
                      (variable)))))))))
      (cond
        (positiveCond
          (condsForOneId
            (idTest
              (test
                (simpleTest
                  (singleTest
                    (variable)))))
            (attrValueTests
              (attrTest
                (test
                  (simpleTest
                    (singleTest
                      (constant
                        (symConstant
                          (string)))))))
              (valueTest
                (test
                  (simpleTest
                    (singleTest
                      (constant
                        (symConstant
                          (string))))))))))))
    (action
      (variable)
      (attrValueMake
        (rhsValue
          (constant
            (symConstant
              (string))))
        (valueMake
          (rhsValue
            (constant
              (symConstant
                (string))))
          (preferenceSpecifier
            (unaryPreference))))
      (attrValueMake
        (rhsValue
          (constant
            (symConstant
              (string))))
        (valueMake
          (rhsValue
            (constant
              (symConstant
                (string))))
          (preferenceSpecifier
            (unaryPreference))))))
  (production
    (beginning
      (prod_name))
    (LHS
      (cond
        (positiveCond
          (condsForOneId
            (condType)
            (idTest
              (test
                (simpleTest
                  (singleTest
                    (variable)))))
            (attrValueTests
              (attrTest
                (test
                  (simpleTest
                    (singleTest
                      (constant
                        (symConstant
                          (string)))))))
              (valueTest
                (test
                  (simpleTest
                    (singleTest
                      (variable)))))))))
      (cond
        (positiveCond
          (condsForOneId
            (idTest
              (test
                (simpleTest
                  (singleTest
                    (variable)))))
            (attrValueTests
              (attrTest
                (test
                  (simpleTest
                    (singleTest
                      (constant
                        (symConstant
                          (string)))))))
              (valueTest
                (test
                  (simpleTest
                    (singleTest
                      (constant
                        (symConstant
                          (string))))))))))))
    (action
      (variable)
      (attrValueMake
        (rhsValue
          (constant
            (symConstant
              (string))))
        (valueMake
          (rhsValue
            (constant
              (symConstant
                (string))))
          (preferenceSpecifier
            (unaryPreference))))
      (attrValueMake
        (rhsValue
          (constant
            (symConstant
              (string))))
        (valueMake
          (rhsValue
            (constant
              (symConstant
                (string))))
          (preferenceSpecifier
            (unaryPreference))))))
  (production
    (beginning
      (prod_name))
    (LHS
      (cond
        (positiveCond
          (condsForOneId
            (condType)
            (idTest
              (test
                (simpleTest
                  (singleTest
                    (variable)))))
            (attrValueTests
              (attrTest
                (test
                  (simpleTest
                    (singleTest
                      (constant
                        (symConstant
                          (string)))))))
              (valueTest
                (test
                  (simpleTest
                    (singleTest
                      (variable)))))))))
      (cond
        (positiveCond
          (condsForOneId
            (idTest
              (test
                (simpleTest
                  (singleTest
                    (variable)))))
            (attrValueTests
              (attrTest
                (test
                  (simpleTest
                    (singleTest
                      (constant
                        (symConstant
                          (string)))))))
              (valueTest
                (test
                  (simpleTest
                    (singleTest
                      (constant
                        (symConstant
                          (string))))))))))))
    (action
      (variable)
      (attrValueMake
        (rhsValue
          (constant
            (symConstant
              (string))))
        (valueMake
          (rhsValue
            (constant
              (symConstant
                (string))))
          (preferenceSpecifier
            (unaryPreference))))))
  (production
    (beginning
      (prod_name))
    (LHS
      (cond
        (positiveCond
          (condsForOneId
            (condType)
            (idTest
              (test
                (simpleTest
                  (singleTest
                    (variable)))))
            (attrValueTests
              (attrTest
                (test
                  (simpleTest
                    (singleTest
                      (constant
                        (symConstant
                          (string)))))))
              (valueTest
                (test
                  (simpleTest
                    (singleTest
                      (variable)))))))))
      (cond
        (positiveCond
          (condsForOneId
            (idTest
              (test
                (simpleTest
                  (singleTest
                    (variable)))))
            (attrValueTests
              (attrTest
                (test
                  (simpleTest
                    (singleTest
                      (constant
                        (symConstant
                          (string)))))))
              (valueTest
                (test
                  (simpleTest
                    (singleTest
                      (constant
                        (symConstant
                          (string))))))))))))
    (action
      (variable)
      (attrValueMake
        (rhsValue
          (constant
            (symConstant
              (string))))
        (valueMake
          (rhsValue
            (constant
              (symConstant
                (string))))
          (preferenceSpecifier
            (unaryPreference))))
      (attrValueMake
        (rhsValue
          (constant
            (symConstant
              (string))))
        (valueMake
          (rhsValue
            (constant
              (symConstant
                (string))))
          (preferenceSpecifier
            (unaryPreference))))))
  (production
    (beginning
      (prod_name))
    (LHS
      (cond
        (positiveCond
          (condsForOneId
            (condType)
            (idTest
              (test
                (simpleTest
                  (singleTest
                    (variable)))))
            (attrValueTests
              (attrTest
                (test
                  (simpleTest
                    (singleTest
                      (constant
                        (symConstant
                          (string)))))))
              (valueTest
                (test
                  (simpleTest
                    (singleTest
                      (variable)))))))))
      (cond
        (positiveCond
          (condsForOneId
            (idTest
              (test
                (simpleTest
                  (singleTest
                    (variable)))))
            (attrValueTests
              (attrTest
                (test
                  (simpleTest
                    (singleTest
                      (constant
                        (symConstant
                          (string)))))))
              (valueTest
                (test
                  (simpleTest
                    (singleTest
                      (constant
                        (symConstant
                          (string))))))))))))
    (action
      (variable)
      (attrValueMake
        (rhsValue
          (constant
            (symConstant
              (string))))
        (valueMake
          (rhsValue
            (constant
              (symConstant
                (string))))
          (preferenceSpecifier
            (unaryPreference))))
      (attrValueMake
        (rhsValue
          (constant
            (symConstant
              (string))))
        (valueMake
          (rhsValue
            (constant
              (symConstant
                (string))))
          (preferenceSpecifier
            (unaryPreference)))))))
