================================================================================
UnitTests/SoarTestAgents/Chunking/expected/ChunkingTests_BUNCPS_7_with_Constraints_expected.soar
================================================================================

sp {answer*chunk*condition-match*elaborate*matching-argument-object*snc*t4-1
    (state <s1> ^superstate nil)
    (<s1> ^topstate <s2>)
    (<s1> ^condition <c2>)
    (<c2> ^arg <a1>)
    (<a1> ^result <n1>)
    (<n1> ^value <c1>)
    (<c2> ^name { >= valuation <> 2 <c3> })
    -->
    (<s2> ^result <r1> +)
    (<r1> ^<r2> <c1> +)
}
--------------------------------------------------------------------------------

(source_file
  (production
    (beginning
      (prod_name))
    (LHS
      (cond
        (positiveCond
          (condsForOneId
            (condType)
            (idTest
              (test
                (simpleTest
                  (singleTest
                    (variable)))))
            (attrValueTests
              (attrTest
                (test
                  (simpleTest
                    (singleTest
                      (constant
                        (symConstant
                          (string)))))))
              (valueTest
                (test
                  (simpleTest
                    (singleTest
                      (constant
                        (symConstant
                          (string)))))))))))
      (cond
        (positiveCond
          (condsForOneId
            (idTest
              (test
                (simpleTest
                  (singleTest
                    (variable)))))
            (attrValueTests
              (attrTest
                (test
                  (simpleTest
                    (singleTest
                      (constant
                        (symConstant
                          (string)))))))
              (valueTest
                (test
                  (simpleTest
                    (singleTest
                      (variable)))))))))
      (cond
        (positiveCond
          (condsForOneId
            (idTest
              (test
                (simpleTest
                  (singleTest
                    (variable)))))
            (attrValueTests
              (attrTest
                (test
                  (simpleTest
                    (singleTest
                      (constant
                        (symConstant
                          (string)))))))
              (valueTest
                (test
                  (simpleTest
                    (singleTest
                      (variable)))))))))
      (cond
        (positiveCond
          (condsForOneId
            (idTest
              (test
                (simpleTest
                  (singleTest
                    (variable)))))
            (attrValueTests
              (attrTest
                (test
                  (simpleTest
                    (singleTest
                      (constant
                        (symConstant
                          (string)))))))
              (valueTest
                (test
                  (simpleTest
                    (singleTest
                      (variable)))))))))
      (cond
        (positiveCond
          (condsForOneId
            (idTest
              (test
                (simpleTest
                  (singleTest
                    (variable)))))
            (attrValueTests
              (attrTest
                (test
                  (simpleTest
                    (singleTest
                      (constant
                        (symConstant
                          (string)))))))
              (valueTest
                (test
                  (simpleTest
                    (singleTest
                      (variable)))))))))
      (cond
        (positiveCond
          (condsForOneId
            (idTest
              (test
                (simpleTest
                  (singleTest
                    (variable)))))
            (attrValueTests
              (attrTest
                (test
                  (simpleTest
                    (singleTest
                      (constant
                        (symConstant
                          (string)))))))
              (valueTest
                (test
                  (simpleTest
                    (singleTest
                      (variable)))))))))
      (cond
        (positiveCond
          (condsForOneId
            (idTest
              (test
                (simpleTest
                  (singleTest
                    (variable)))))
            (attrValueTests
              (attrTest
                (test
                  (simpleTest
                    (singleTest
                      (constant
                        (symConstant
                          (string)))))))
              (valueTest
                (test
                  (conjunctiveTest
                    (simpleTest
                      (relationalTest
                        (relation)
                        (singleTest
                          (constant
                            (symConstant
                              (string))))))
                    (simpleTest
                      (relationalTest
                        (relation)
                        (singleTest
                          (constant
                            (intConstant)))))
                    (simpleTest
                      (singleTest
                        (variable)))))))))))
    (action
      (variable)
      (attrValueMake
        (rhsValue
          (constant
            (symConstant
              (string))))
        (valueMake
          (rhsValue
            (variable))
          (preferenceSpecifier
            (unaryPreference)))))
    (action
      (variable)
      (attrValueMake
        (rhsValue
          (variable))
        (valueMake
          (rhsValue
            (variable))
          (preferenceSpecifier
            (unaryPreference)))))))
