================================================================================
UnitTests/SoarTestAgents/Chunking/expected/ChunkingTests_Operator_Selection_Knowledge_Ghost_Operator_expected.soar
================================================================================

sp {answer*make-chunk*StateNoChange*t3-1
    (state <s1> ^university chicago ^chicago bulls ^chi town ^superstate nil
          ^scottie <c1> ^michael { < <c1> <c2> })
    -->
    (<s1> ^result true +)
}
--------------------------------------------------------------------------------

(source_file
  (production
    (prod_name)
    (condsForOneId
      (condType)
      (idTest
        (variable))
      (attrValueTests
        (string)
        (valueTest
          (string)))
      (attrValueTests
        (string)
        (valueTest
          (string)))
      (attrValueTests
        (string)
        (valueTest
          (string)))
      (attrValueTests
        (string)
        (valueTest
          (string)))
      (attrValueTests
        (string)
        (valueTest
          (variable)))
      (attrValueTests
        (string)
        (valueTest
          (conjunctiveTest
            (relationalTest
              (relation)
              (variable))
            (variable)))))
    (variableMutation
      (variable)
      (attrValueMake
        (string)
        (valueMake
          (string)
          (unaryPreference))))))
