================================================================================
UnitTests/SoarTestAgents/Chunking/expected/ChunkingTests_No_Topstate_Match_expected.soar
================================================================================

sp {answer*chunk*make-chunk*snc*t2-1
    (state <s1> ^superstate nil)
    -->
    (<s1> ^test-done true +)
}
--------------------------------------------------------------------------------

(source_file
  (production
    (prod_name)
    (condsForOneId
      (condType)
      (idTest
        (variable))
      (attrValueTests
        (string)
        (valueTest
          (string))))
    (variableMutation
      (variable)
      (attrValueMake
        (string)
        (valueMake
          (string)
          (unaryPreference))))))
