================================================================================
UnitTests/SoarTestAgents/Chunking/expected/ChunkingTests_Rete_Bug_Deep_vs_Deep_expected.soar
================================================================================

sp {answer*apply*12*onc*t3-1
    (state <s1> ^superstate nil ^test-param2 <p2> ^test-param <p1>
          ^test-item <c2>)
    (<p2> ^foo <f1>)
    (<p1> ^foo <f2>)
    (<f2> ^value <c2>)
    (<f1> ^value { <> <c2> <c1> })
    -->
    (<s1> ^result12a <c2> + ^result12b <c1> + ^test-done 1 +)
}




--------------------------------------------------------------------------------

(source_file
  (production
    (prod_name)
    (condsForOneId
      (condType)
      (singleTest
        (variable))
      (attrValueTests
        (singleTest
          (string))
        (valueTest
          (singleTest
            (string))))
      (attrValueTests
        (singleTest
          (string))
        (valueTest
          (singleTest
            (variable))))
      (attrValueTests
        (singleTest
          (string))
        (valueTest
          (singleTest
            (variable))))
      (attrValueTests
        (singleTest
          (string))
        (valueTest
          (singleTest
            (variable)))))
    (condsForOneId
      (singleTest
        (variable))
      (attrValueTests
        (singleTest
          (string))
        (valueTest
          (singleTest
            (variable)))))
    (condsForOneId
      (singleTest
        (variable))
      (attrValueTests
        (singleTest
          (string))
        (valueTest
          (singleTest
            (variable)))))
    (condsForOneId
      (singleTest
        (variable))
      (attrValueTests
        (singleTest
          (string))
        (valueTest
          (singleTest
            (variable)))))
    (condsForOneId
      (singleTest
        (variable))
      (attrValueTests
        (singleTest
          (string))
        (valueTest
          (conjunctiveTest
            (relationalTest
              (relation)
              (singleTest
                (variable)))
            (singleTest
              (variable))))))
    (variableMutation
      (variable)
      (attrValueMake
        (string)
        (valueMake
          (variable)
          (preferenceSpecifier
            (unaryPreference))))
      (attrValueMake
        (string)
        (valueMake
          (variable)
          (preferenceSpecifier
            (unaryPreference))))
      (attrValueMake
        (string)
        (valueMake
          (string)
          (preferenceSpecifier
            (unaryPreference)))))))
