================================================================================
UnitTests/SoarTestAgents/Chunking/expected/ChunkingTests_SMem_Chunk_Direct_expected.soar
================================================================================

sp {answer*apply*sub-op*make-chunk*StateNoChange*t4-1
    (state <s1> ^superstate nil ^result1 <l1>)
    (<l1> ^next <l2>)
    (<l2> -^value <v*1>)
    -->
    (<s1> ^result <l3> +)
    (<l3> ^result1 <l4> + ^result2 <l1> +)
    (<l4> ^value bar +)
}

--------------------------------------------------------------------------------

(source_file
  (production
    (prod_name)
    (condsForOneId
      (condType)
      (singleTest
        (variable))
      (attrValueTests
        (singleTest
          (string))
        (valueTest
          (singleTest
            (string))))
      (attrValueTests
        (singleTest
          (string))
        (valueTest
          (singleTest
            (variable)))))
    (condsForOneId
      (singleTest
        (variable))
      (attrValueTests
        (singleTest
          (string))
        (valueTest
          (singleTest
            (variable)))))
    (condsForOneId
      (singleTest
        (variable))
      (attrValueTests
        (singleTest
          (string))
        (valueTest
          (singleTest
            (variable)))))
    (variableMutation
      (variable)
      (attrValueMake
        (string)
        (valueMake
          (variable)
          (unaryPreference))))
    (variableMutation
      (variable)
      (attrValueMake
        (string)
        (valueMake
          (variable)
          (unaryPreference)))
      (attrValueMake
        (string)
        (valueMake
          (variable)
          (unaryPreference))))
    (variableMutation
      (variable)
      (attrValueMake
        (string)
        (valueMake
          (string)
          (unaryPreference))))))
