================================================================================
UnitTests/SoarTestAgents/Chunking/expected/ChunkingTests_NCC_2_Conds_Simple_Literals_expected.soar
================================================================================

sp {answer*chunk*apply21c*onc*t3-1
    (state <s1> ^test-current 1 ^superstate nil)
   -{ (<s1> ^test-item 10 ^test-item 9)}
    -->
    (<s1> ^result true + ^test-done 1 +)
}




--------------------------------------------------------------------------------

(source_file
  (production
    (beginning
      (prod_name))
    (cond
      (positiveCond
        (condsForOneId
          (condType)
          (idTest
            (test
              (simpleTest
                (singleTest
                  (variable)))))
          (attrValueTests
            (attrTest
              (test
                (simpleTest
                  (singleTest
                    (string)))))
            (valueTest
              (test
                (simpleTest
                  (singleTest
                    (string))))))
          (attrValueTests
            (attrTest
              (test
                (simpleTest
                  (singleTest
                    (string)))))
            (valueTest
              (test
                (simpleTest
                  (singleTest
                    (string)))))))))
    (cond
      (negativeCond
        (positiveCond
          (conjunctiveCond
            (cond
              (positiveCond
                (condsForOneId
                  (idTest
                    (test
                      (simpleTest
                        (singleTest
                          (variable)))))
                  (attrValueTests
                    (attrTest
                      (test
                        (simpleTest
                          (singleTest
                            (string)))))
                    (valueTest
                      (test
                        (simpleTest
                          (singleTest
                            (string))))))
                  (attrValueTests
                    (attrTest
                      (test
                        (simpleTest
                          (singleTest
                            (string)))))
                    (valueTest
                      (test
                        (simpleTest
                          (singleTest
                            (string)))))))))))))
    (variableMutation
      (variable)
      (attrValueMake
        (string)
        (valueMake
          (string)
          (preferenceSpecifier
            (unaryPreference))))
      (attrValueMake
        (string)
        (valueMake
          (string)
          (preferenceSpecifier
            (unaryPreference)))))))
