================================================================================
UnitTests/SoarTestAgents/Chunking/expected/ChunkingTests_Ungrounded_STI_Promotion_expected.soar
================================================================================

sp {answer*apply16b*OpNoChange*t3-1
    (state <s1> ^superstate nil)
    -->
    (<s1> ^result16a <s2> + ^result16b <n1> + ^test-done 1 +)
    (<s2> ^operator <o1> + ^name substate + ^ungrounded-identifier2 <n1> +
           ^ungrounded-identifier1 <s2> +)
    (<o1> ^name test +)
    (<n1> ^foo bar +)
}




--------------------------------------------------------------------------------

(source_file
  (production
    (prod_name)
    (condsForOneId
      (condType)
      (singleTest
        (variable))
      (attrValueTests
        (singleTest
          (string))
        (valueTest
          (singleTest
            (string)))))
    (variableMutation
      (variable)
      (attrValueMake
        (string)
        (valueMake
          (variable)
          (preferenceSpecifier
            (unaryPreference))))
      (attrValueMake
        (string)
        (valueMake
          (variable)
          (preferenceSpecifier
            (unaryPreference))))
      (attrValueMake
        (string)
        (valueMake
          (string)
          (preferenceSpecifier
            (unaryPreference)))))
    (variableMutation
      (variable)
      (attrValueMake
        (string)
        (valueMake
          (variable)
          (preferenceSpecifier
            (unaryPreference))))
      (attrValueMake
        (string)
        (valueMake
          (string)
          (preferenceSpecifier
            (unaryPreference))))
      (attrValueMake
        (string)
        (valueMake
          (variable)
          (preferenceSpecifier
            (unaryPreference))))
      (attrValueMake
        (string)
        (valueMake
          (variable)
          (preferenceSpecifier
            (unaryPreference)))))
    (variableMutation
      (variable)
      (attrValueMake
        (string)
        (valueMake
          (string)
          (preferenceSpecifier
            (unaryPreference)))))
    (variableMutation
      (variable)
      (attrValueMake
        (string)
        (valueMake
          (string)
          (preferenceSpecifier
            (unaryPreference)))))))
