================================================================================
UnitTests/SoarTestAgents/Chunking/expected/ChunkingTests_Rete_Bug_Deep_vs_Top_expected.soar
================================================================================

sp {answer*chunk*apply*11*onc*t3-1
    (state <s1> ^superstate nil ^test-param2 <t2> ^test-item <c2>)
    (<t2> ^foo <t1>)
    (<t1> ^value <c2> ^value { <> <c2> <c1> })
    -->
    (<s1> ^result11a <c2> + ^result11b <c1> + ^test-done 1 +)
}




--------------------------------------------------------------------------------

(source_file
  (production
    (prod_name)
    (condsForOneId
      (condType)
      (singleTest
        (variable))
      (attrValueTests
        (singleTest
          (string))
        (valueTest
          (singleTest
            (string))))
      (attrValueTests
        (singleTest
          (string))
        (valueTest
          (singleTest
            (variable))))
      (attrValueTests
        (singleTest
          (string))
        (valueTest
          (singleTest
            (variable)))))
    (condsForOneId
      (singleTest
        (variable))
      (attrValueTests
        (singleTest
          (string))
        (valueTest
          (singleTest
            (variable)))))
    (condsForOneId
      (singleTest
        (variable))
      (attrValueTests
        (singleTest
          (string))
        (valueTest
          (singleTest
            (variable))))
      (attrValueTests
        (singleTest
          (string))
        (valueTest
          (conjunctiveTest
            (relationalTest
              (relation)
              (singleTest
                (variable)))
            (singleTest
              (variable))))))
    (variableMutation
      (variable)
      (attrValueMake
        (string)
        (valueMake
          (variable)
          (preferenceSpecifier
            (unaryPreference))))
      (attrValueMake
        (string)
        (valueMake
          (variable)
          (preferenceSpecifier
            (unaryPreference))))
      (attrValueMake
        (string)
        (valueMake
          (string)
          (preferenceSpecifier
            (unaryPreference)))))))
