================================================================================
UnitTests/SoarTestAgents/Chunking/expected/ChunkingTests_STI_with_referents_expected.soar
================================================================================

sp {answer*make-chunk*onc*t2-1
    (state <s1> ^operator <o2> +)
    (<o2> ^name winner)
    (<s1> ^operator { <> <o2> <o1> } +)
    -->
    (<s1> ^operator <o2> > <o1>)
}
--------------------------------------------------------------------------------

(source_file
  (production
    (prod_name)
    (condsForOneId
      (condType)
      (singleTest
        (variable))
      (attrValueTests
        (singleTest
          (string))
        (valueTest
          (singleTest
            (variable)))))
    (condsForOneId
      (singleTest
        (variable))
      (attrValueTests
        (singleTest
          (string))
        (valueTest
          (singleTest
            (string)))))
    (condsForOneId
      (singleTest
        (variable))
      (attrValueTests
        (singleTest
          (string))
        (valueTest
          (conjunctiveTest
            (relationalTest
              (relation)
              (singleTest
                (variable)))
            (singleTest
              (variable))))))
    (variableMutation
      (variable)
      (attrValueMake
        (string)
        (valueMake
          (variable)
          (preferenceSpecifier
            (unaryOrBinaryPreference)
            (variable)))))))
