================================================================================
UnitTests/SoarTestAgents/Chunking/expected/ChunkingTests_RHS_Math_Mixed_expected.soar
================================================================================

sp {answer*make-chunk-3*snc*t2-4
    (state <s1> ^z 4)
    (<s1> ^y 3)
    (<s1> ^x 2)
    (<s1> ^superstate nil)
    (<s1> ^x <c1>)
    -->
    (<s1> ^result (|/| 9 <c1>) +)
}

sp {answer*make-chunk-4*snc*t2-3
    (state <s1> ^z 4)
    (<s1> ^y 3)
    (<s1> ^x 2)
    (<s1> ^superstate nil)
    (<s1> ^c <c4>)
    (<s1> ^b <c3>)
    (<s1> ^a <c2>)
    (<s1> ^x <c1>)
    -->
    (<s1> ^result (|/| 9 <c1>) +)
    (<s1> ^x 2 +)
    (<s1> ^y 3 +)
    (<s1> ^z 4 +)
    (<s1> ^other-sum 9 +)
    (<s1> ^more-math (* 9 <c2> <c3> <c4>) +)
}

sp {answer*make-chunk-2*snc*t2-2
    (state <s1> ^z 4)
    (<s1> ^y 3)
    (<s1> ^x 2)
    (<s1> ^superstate nil)
    -->
    (<s1> ^x 2 +)
    (<s1> ^y 3 +)
    (<s1> ^z 4 +)
    (<s1> ^sum 9 +)
}

sp {answer*make-chunk-1*snc*t2-1
    (state <s1> ^superstate nil)
    (<s1> ^z <c3>)
    (<s1> ^y <c2>)
    (<s1> ^x <c1>)
    -->
    (<s1> ^result (+ <c1> <c2> <c3>) +)
}
--------------------------------------------------------------------------------

(source_file
  (production
    (prod_name)
    (condsForOneId
      (condType)
      (singleTest
        (variable))
      (attrValueTests
        (singleTest
          (string))
        (valueTest
          (singleTest
            (string)))))
    (condsForOneId
      (singleTest
        (variable))
      (attrValueTests
        (singleTest
          (string))
        (valueTest
          (singleTest
            (string)))))
    (condsForOneId
      (singleTest
        (variable))
      (attrValueTests
        (singleTest
          (string))
        (valueTest
          (singleTest
            (string)))))
    (condsForOneId
      (singleTest
        (variable))
      (attrValueTests
        (singleTest
          (string))
        (valueTest
          (singleTest
            (string)))))
    (condsForOneId
      (singleTest
        (variable))
      (attrValueTests
        (singleTest
          (string))
        (valueTest
          (singleTest
            (variable)))))
    (variableMutation
      (variable)
      (attrValueMake
        (string)
        (valueMake
          (funcCall
            (funcName
              (quoted))
            (string)
            (variable))
          (unaryPreference)))))
  (production
    (prod_name)
    (condsForOneId
      (condType)
      (singleTest
        (variable))
      (attrValueTests
        (singleTest
          (string))
        (valueTest
          (singleTest
            (string)))))
    (condsForOneId
      (singleTest
        (variable))
      (attrValueTests
        (singleTest
          (string))
        (valueTest
          (singleTest
            (string)))))
    (condsForOneId
      (singleTest
        (variable))
      (attrValueTests
        (singleTest
          (string))
        (valueTest
          (singleTest
            (string)))))
    (condsForOneId
      (singleTest
        (variable))
      (attrValueTests
        (singleTest
          (string))
        (valueTest
          (singleTest
            (string)))))
    (condsForOneId
      (singleTest
        (variable))
      (attrValueTests
        (singleTest
          (string))
        (valueTest
          (singleTest
            (variable)))))
    (condsForOneId
      (singleTest
        (variable))
      (attrValueTests
        (singleTest
          (string))
        (valueTest
          (singleTest
            (variable)))))
    (condsForOneId
      (singleTest
        (variable))
      (attrValueTests
        (singleTest
          (string))
        (valueTest
          (singleTest
            (variable)))))
    (condsForOneId
      (singleTest
        (variable))
      (attrValueTests
        (singleTest
          (string))
        (valueTest
          (singleTest
            (variable)))))
    (variableMutation
      (variable)
      (attrValueMake
        (string)
        (valueMake
          (funcCall
            (funcName
              (quoted))
            (string)
            (variable))
          (unaryPreference))))
    (variableMutation
      (variable)
      (attrValueMake
        (string)
        (valueMake
          (string)
          (unaryPreference))))
    (variableMutation
      (variable)
      (attrValueMake
        (string)
        (valueMake
          (string)
          (unaryPreference))))
    (variableMutation
      (variable)
      (attrValueMake
        (string)
        (valueMake
          (string)
          (unaryPreference))))
    (variableMutation
      (variable)
      (attrValueMake
        (string)
        (valueMake
          (string)
          (unaryPreference))))
    (variableMutation
      (variable)
      (attrValueMake
        (string)
        (valueMake
          (funcCall
            (funcName)
            (string)
            (variable)
            (variable)
            (variable))
          (unaryPreference)))))
  (production
    (prod_name)
    (condsForOneId
      (condType)
      (singleTest
        (variable))
      (attrValueTests
        (singleTest
          (string))
        (valueTest
          (singleTest
            (string)))))
    (condsForOneId
      (singleTest
        (variable))
      (attrValueTests
        (singleTest
          (string))
        (valueTest
          (singleTest
            (string)))))
    (condsForOneId
      (singleTest
        (variable))
      (attrValueTests
        (singleTest
          (string))
        (valueTest
          (singleTest
            (string)))))
    (condsForOneId
      (singleTest
        (variable))
      (attrValueTests
        (singleTest
          (string))
        (valueTest
          (singleTest
            (string)))))
    (variableMutation
      (variable)
      (attrValueMake
        (string)
        (valueMake
          (string)
          (unaryPreference))))
    (variableMutation
      (variable)
      (attrValueMake
        (string)
        (valueMake
          (string)
          (unaryPreference))))
    (variableMutation
      (variable)
      (attrValueMake
        (string)
        (valueMake
          (string)
          (unaryPreference))))
    (variableMutation
      (variable)
      (attrValueMake
        (string)
        (valueMake
          (string)
          (unaryPreference)))))
  (production
    (prod_name)
    (condsForOneId
      (condType)
      (singleTest
        (variable))
      (attrValueTests
        (singleTest
          (string))
        (valueTest
          (singleTest
            (string)))))
    (condsForOneId
      (singleTest
        (variable))
      (attrValueTests
        (singleTest
          (string))
        (valueTest
          (singleTest
            (variable)))))
    (condsForOneId
      (singleTest
        (variable))
      (attrValueTests
        (singleTest
          (string))
        (valueTest
          (singleTest
            (variable)))))
    (condsForOneId
      (singleTest
        (variable))
      (attrValueTests
        (singleTest
          (string))
        (valueTest
          (singleTest
            (variable)))))
    (variableMutation
      (variable)
      (attrValueMake
        (string)
        (valueMake
          (funcCall
            (funcName)
            (variable)
            (variable)
            (variable))
          (unaryPreference))))))
