================================================================================
UnitTests/SoarTestAgents/Chunking/expected/ChunkingTests_Duplicates_expected.soar
================================================================================

sp {answer*chunk*resolve-conditions*elaborate*addition*StateNoChange*t3-2
    (state <s1> ^superstate nil)
    (<s1> ^topstate <s2>)
    (<s2> ^b <c2>)
    (<s2> ^a <c1>)
    -->
    (<s2> ^result <o1> +)
    (<o1> ^1 (+ <c1> <c2>) +)
}

sp {answer*chunk*resolve-conditions*elaborate*addition*StateNoChange*t3-1
    (state <s1> ^operator <o1>)
    (<o1> ^name resolve-conditions)
    (<s1> ^topstate <s2>)
    (<s2> ^b <c2>)
    (<s2> ^a <c1>)
    -->
    (<s2> ^result <o2> +)
    (<o2> ^1 (+ <c1> <c2>) +)
}
--------------------------------------------------------------------------------

(source_file
  (production
    (beginning
      (prod_name))
    (cond
      (positiveCond
        (condsForOneId
          (condType)
          (idTest
            (test
              (simpleTest
                (singleTest
                  (variable)))))
          (attrValueTests
            (attrTest
              (test
                (simpleTest
                  (singleTest
                    (string)))))
            (valueTest
              (test
                (simpleTest
                  (singleTest
                    (string)))))))))
    (cond
      (positiveCond
        (condsForOneId
          (idTest
            (test
              (simpleTest
                (singleTest
                  (variable)))))
          (attrValueTests
            (attrTest
              (test
                (simpleTest
                  (singleTest
                    (string)))))
            (valueTest
              (test
                (simpleTest
                  (singleTest
                    (variable)))))))))
    (cond
      (positiveCond
        (condsForOneId
          (idTest
            (test
              (simpleTest
                (singleTest
                  (variable)))))
          (attrValueTests
            (attrTest
              (test
                (simpleTest
                  (singleTest
                    (string)))))
            (valueTest
              (test
                (simpleTest
                  (singleTest
                    (variable)))))))))
    (cond
      (positiveCond
        (condsForOneId
          (idTest
            (test
              (simpleTest
                (singleTest
                  (variable)))))
          (attrValueTests
            (attrTest
              (test
                (simpleTest
                  (singleTest
                    (string)))))
            (valueTest
              (test
                (simpleTest
                  (singleTest
                    (variable)))))))))
    (variableMutation
      (variable)
      (attrValueMake
        (string)
        (valueMake
          (variable)
          (preferenceSpecifier
            (unaryPreference)))))
    (variableMutation
      (variable)
      (attrValueMake
        (string)
        (valueMake
          (funcCall
            (funcName)
            (variable)
            (variable))
          (preferenceSpecifier
            (unaryPreference))))))
  (production
    (beginning
      (prod_name))
    (cond
      (positiveCond
        (condsForOneId
          (condType)
          (idTest
            (test
              (simpleTest
                (singleTest
                  (variable)))))
          (attrValueTests
            (attrTest
              (test
                (simpleTest
                  (singleTest
                    (string)))))
            (valueTest
              (test
                (simpleTest
                  (singleTest
                    (variable)))))))))
    (cond
      (positiveCond
        (condsForOneId
          (idTest
            (test
              (simpleTest
                (singleTest
                  (variable)))))
          (attrValueTests
            (attrTest
              (test
                (simpleTest
                  (singleTest
                    (string)))))
            (valueTest
              (test
                (simpleTest
                  (singleTest
                    (string)))))))))
    (cond
      (positiveCond
        (condsForOneId
          (idTest
            (test
              (simpleTest
                (singleTest
                  (variable)))))
          (attrValueTests
            (attrTest
              (test
                (simpleTest
                  (singleTest
                    (string)))))
            (valueTest
              (test
                (simpleTest
                  (singleTest
                    (variable)))))))))
    (cond
      (positiveCond
        (condsForOneId
          (idTest
            (test
              (simpleTest
                (singleTest
                  (variable)))))
          (attrValueTests
            (attrTest
              (test
                (simpleTest
                  (singleTest
                    (string)))))
            (valueTest
              (test
                (simpleTest
                  (singleTest
                    (variable)))))))))
    (cond
      (positiveCond
        (condsForOneId
          (idTest
            (test
              (simpleTest
                (singleTest
                  (variable)))))
          (attrValueTests
            (attrTest
              (test
                (simpleTest
                  (singleTest
                    (string)))))
            (valueTest
              (test
                (simpleTest
                  (singleTest
                    (variable)))))))))
    (variableMutation
      (variable)
      (attrValueMake
        (string)
        (valueMake
          (variable)
          (preferenceSpecifier
            (unaryPreference)))))
    (variableMutation
      (variable)
      (attrValueMake
        (string)
        (valueMake
          (funcCall
            (funcName)
            (variable)
            (variable))
          (preferenceSpecifier
            (unaryPreference)))))))
