================================================================================
UnitTests/SoarTestAgents/Chunking/expected/ChunkingTests_Ungrounded_Relational_Constraint_expected.soar
================================================================================

sp {answer*apply1b*onc*t3-1
    (state <s1> ^superstate nil ^test-item2 <c2>
          ^test-item { > 8 < 10 >= 9 >= <c2> <c1> })
    -->
    (<s1> ^result1a 9 + ^result1b <c1> + ^result1c <c2> + ^result1d <u1> +
           ^test-done 1 +)
    (<u1> ^foo bar +)
}
--------------------------------------------------------------------------------

(source_file
  (production
    (prod_name)
    (condsForOneId
      (condType)
      (singleTest
        (variable))
      (attrValueTests
        (singleTest
          (string))
        (valueTest
          (singleTest
            (string))))
      (attrValueTests
        (singleTest
          (string))
        (valueTest
          (singleTest
            (variable))))
      (attrValueTests
        (singleTest
          (string))
        (valueTest
          (conjunctiveTest
            (relationalTest
              (relation)
              (singleTest
                (string)))
            (relationalTest
              (relation)
              (singleTest
                (string)))
            (relationalTest
              (relation)
              (singleTest
                (string)))
            (relationalTest
              (relation)
              (singleTest
                (variable)))
            (singleTest
              (variable))))))
    (variableMutation
      (variable)
      (attrValueMake
        (string)
        (valueMake
          (string)
          (unaryPreference)))
      (attrValueMake
        (string)
        (valueMake
          (variable)
          (unaryPreference)))
      (attrValueMake
        (string)
        (valueMake
          (variable)
          (unaryPreference)))
      (attrValueMake
        (string)
        (valueMake
          (variable)
          (unaryPreference)))
      (attrValueMake
        (string)
        (valueMake
          (string)
          (unaryPreference))))
    (variableMutation
      (variable)
      (attrValueMake
        (string)
        (valueMake
          (string)
          (unaryPreference))))))
