================================================================================
UnitTests/SoarTestAgents/Chunking/expected/ChunkingTests_SMem_Chunked_Query_expected.soar
================================================================================

sp {answer*retrieve-goal*copy-goal*StateNoChange*t5-1
    (state <s1> ^cue2 goal)
    (<s1> -^deleted <d1>)
    (<s1> -^goal <g1>)
    (<s1> ^cue1 handle)
    (<s1> ^superstate nil)
    -->
    (<s1> ^goal <g2> +)
    (<g2> ^handle goal +)
    (<g2> ^procedural <p1> +)
    (<p1> ^arg1 <a1> +)
    (<g2> ^predicate <p2> +)
    (<p2> ^1 <i1> +)
    (<i1> ^default <d2> +)
    (<d2> ^name pantry +)
}

--------------------------------------------------------------------------------

(source_file
  (production
    (beginning
      (prod_name))
    (LHS
      (cond
        (positiveCond
          (condsForOneId
            (condType)
            (idTest
              (test
                (simpleTest
                  (singleTest
                    (variable)))))
            (attrValueTests
              (attrTest
                (test
                  (simpleTest
                    (singleTest
                      (constant
                        (symConstant
                          (string)))))))
              (valueTest
                (test
                  (simpleTest
                    (singleTest
                      (constant
                        (symConstant
                          (string)))))))))))
      (cond
        (positiveCond
          (condsForOneId
            (idTest
              (test
                (simpleTest
                  (singleTest
                    (variable)))))
            (attrValueTests
              (attrTest
                (test
                  (simpleTest
                    (singleTest
                      (constant
                        (symConstant
                          (string)))))))
              (valueTest
                (test
                  (simpleTest
                    (singleTest
                      (variable)))))))))
      (cond
        (positiveCond
          (condsForOneId
            (idTest
              (test
                (simpleTest
                  (singleTest
                    (variable)))))
            (attrValueTests
              (attrTest
                (test
                  (simpleTest
                    (singleTest
                      (constant
                        (symConstant
                          (string)))))))
              (valueTest
                (test
                  (simpleTest
                    (singleTest
                      (variable)))))))))
      (cond
        (positiveCond
          (condsForOneId
            (idTest
              (test
                (simpleTest
                  (singleTest
                    (variable)))))
            (attrValueTests
              (attrTest
                (test
                  (simpleTest
                    (singleTest
                      (constant
                        (symConstant
                          (string)))))))
              (valueTest
                (test
                  (simpleTest
                    (singleTest
                      (constant
                        (symConstant
                          (string)))))))))))
      (cond
        (positiveCond
          (condsForOneId
            (idTest
              (test
                (simpleTest
                  (singleTest
                    (variable)))))
            (attrValueTests
              (attrTest
                (test
                  (simpleTest
                    (singleTest
                      (constant
                        (symConstant
                          (string)))))))
              (valueTest
                (test
                  (simpleTest
                    (singleTest
                      (constant
                        (symConstant
                          (string))))))))))))
    (action
      (variable)
      (attrValueMake
        (rhsValue
          (constant
            (symConstant
              (string))))
        (valueMake
          (rhsValue
            (variable))
          (preferenceSpecifier
            (unaryPreference)))))
    (action
      (variable)
      (attrValueMake
        (rhsValue
          (constant
            (symConstant
              (string))))
        (valueMake
          (rhsValue
            (constant
              (symConstant
                (string))))
          (preferenceSpecifier
            (unaryPreference)))))
    (action
      (variable)
      (attrValueMake
        (rhsValue
          (constant
            (symConstant
              (string))))
        (valueMake
          (rhsValue
            (variable))
          (preferenceSpecifier
            (unaryPreference)))))
    (action
      (variable)
      (attrValueMake
        (rhsValue
          (constant
            (symConstant
              (string))))
        (valueMake
          (rhsValue
            (variable))
          (preferenceSpecifier
            (unaryPreference)))))
    (action
      (variable)
      (attrValueMake
        (rhsValue
          (constant
            (symConstant
              (string))))
        (valueMake
          (rhsValue
            (variable))
          (preferenceSpecifier
            (unaryPreference)))))
    (action
      (variable)
      (attrValueMake
        (rhsValue
          (constant
            (intConstant)))
        (valueMake
          (rhsValue
            (variable))
          (preferenceSpecifier
            (unaryPreference)))))
    (action
      (variable)
      (attrValueMake
        (rhsValue
          (constant
            (symConstant
              (string))))
        (valueMake
          (rhsValue
            (variable))
          (preferenceSpecifier
            (unaryPreference)))))
    (action
      (variable)
      (attrValueMake
        (rhsValue
          (constant
            (symConstant
              (string))))
        (valueMake
          (rhsValue
            (constant
              (symConstant
                (string))))
          (preferenceSpecifier
            (unaryPreference)))))))
