================================================================================
UnitTests/SoarTestAgents/Chunking/expected/ChunkingTests_No_Grounds_expected.soar
================================================================================


--------------------------------------------------------------------------------

(source_file)
