================================================================================
UnitTests/SoarTestAgents/Chunking/expected/ChunkingTests_RHS_Unbound_Multivalue_expected.soar
================================================================================

sp {answer*apply10*onc*t3-2
    (state <s1> ^superstate nil ^test-param2 <p2> ^test-param <p1>)
    -->
    (<s1> ^result10a <p1> + ^result10b <p2> + ^test-done 1 +)
}



--------------------------------------------------------------------------------

(source_file
  (production
    (prod_name)
    (condsForOneId
      (condType)
      (singleTest
        (variable))
      (attrValueTests
        (singleTest
          (string))
        (valueTest
          (singleTest
            (string))))
      (attrValueTests
        (singleTest
          (string))
        (valueTest
          (singleTest
            (variable))))
      (attrValueTests
        (singleTest
          (string))
        (valueTest
          (singleTest
            (variable)))))
    (variableMutation
      (variable)
      (attrValueMake
        (string)
        (valueMake
          (variable)
          (unaryPreference)))
      (attrValueMake
        (string)
        (valueMake
          (variable)
          (unaryPreference)))
      (attrValueMake
        (string)
        (valueMake
          (string)
          (unaryPreference))))))
