================================================================================
UnitTests/SoarTestAgents/Chunking/expected/ChunkingTests_Chunk_RL_Proposal_expected.soar
================================================================================

sp {answer*propose-literal*snc*t1-2
    (state <s1> ^superstate nil ^foo <c1>)
    -->
    (<s1> ^operator <o1> = 0.)
    (<o1> ^name rl-proposal +)
}

sp {answer*propose*snc*t1-1
    (state <s1> ^superstate nil ^foo <c1>)
    -->
    (<s1> ^operator <o1> = <c1>)
    (<o1> ^name rl-proposal +)
}


--------------------------------------------------------------------------------

(source_file
  (production
    (beginning
      (prod_name))
    (cond
      (positiveCond
        (condsForOneId
          (condType)
          (idTest
            (test
              (simpleTest
                (singleTest
                  (variable)))))
          (attrValueTests
            (attrTest
              (test
                (simpleTest
                  (singleTest
                    (string)))))
            (valueTest
              (test
                (simpleTest
                  (singleTest
                    (string))))))
          (attrValueTests
            (attrTest
              (test
                (simpleTest
                  (singleTest
                    (string)))))
            (valueTest
              (test
                (simpleTest
                  (singleTest
                    (variable)))))))))
    (variableMutation
      (variable)
      (attrValueMake
        (string)
        (valueMake
          (variable)
          (preferenceSpecifier
            (unaryOrBinaryPreference)
            (floatConstant)))))
    (variableMutation
      (variable)
      (attrValueMake
        (string)
        (valueMake
          (string)
          (preferenceSpecifier
            (unaryPreference))))))
  (production
    (beginning
      (prod_name))
    (cond
      (positiveCond
        (condsForOneId
          (condType)
          (idTest
            (test
              (simpleTest
                (singleTest
                  (variable)))))
          (attrValueTests
            (attrTest
              (test
                (simpleTest
                  (singleTest
                    (string)))))
            (valueTest
              (test
                (simpleTest
                  (singleTest
                    (string))))))
          (attrValueTests
            (attrTest
              (test
                (simpleTest
                  (singleTest
                    (string)))))
            (valueTest
              (test
                (simpleTest
                  (singleTest
                    (variable)))))))))
    (variableMutation
      (variable)
      (attrValueMake
        (string)
        (valueMake
          (variable)
          (preferenceSpecifier
            (unaryOrBinaryPreference)
            (variable)))))
    (variableMutation
      (variable)
      (attrValueMake
        (string)
        (valueMake
          (string)
          (preferenceSpecifier
            (unaryPreference)))))))
