================================================================================
UnitTests/SoarTestAgents/Chunking/expected/ChunkingTests_Repair_Unconnected_RHS_ID_expected.soar
================================================================================

sp {answer*apply*query*success2*StateNoChange*t3-2
    (state <s1> ^superstate nil ^result <l1>)
    -->
    (<l1> ^foo <b1> +)
    (<b1> ^foo bar +)
}

sp {answer*apply*query*success*OpNoChange*t3-1
    (state <s1> ^superstate nil)
    -->
    (<s1> ^result <l1> +)
    (<l1> ^D Y +)
}
--------------------------------------------------------------------------------

(source_file
  (production
    (prod_name)
    (condsForOneId
      (condType)
      (singleTest
        (variable))
      (attrValueTests
        (singleTest
          (string))
        (valueTest
          (singleTest
            (string))))
      (attrValueTests
        (singleTest
          (string))
        (valueTest
          (singleTest
            (variable)))))
    (variableMutation
      (variable)
      (attrValueMake
        (string)
        (valueMake
          (variable)
          (unaryPreference))))
    (variableMutation
      (variable)
      (attrValueMake
        (string)
        (valueMake
          (string)
          (unaryPreference)))))
  (production
    (prod_name)
    (condsForOneId
      (condType)
      (singleTest
        (variable))
      (attrValueTests
        (singleTest
          (string))
        (valueTest
          (singleTest
            (string)))))
    (variableMutation
      (variable)
      (attrValueMake
        (string)
        (valueMake
          (variable)
          (unaryPreference))))
    (variableMutation
      (variable)
      (attrValueMake
        (string)
        (valueMake
          (string)
          (unaryPreference))))))
