================================================================================
UnitTests/SoarTestAgents/Chunking/expected/ChunkingTests_Constraint_Prop_from_Base_Conds_expected.soar
================================================================================

sp {answer*apply-create-chunk*StateNoChange*t2-1
    (state <s1> ^superstate nil ^data2 { >= 2 <c1> } ^data <c1> ^data2 <c4>
          ^data <c3> ^data { < <c1> <> <c1> <c2> })
    -->
    (<s1> ^big <c1> + ^small <c2> +)
}




--------------------------------------------------------------------------------

(source_file
  (production
    (beginning
      (prod_name))
    (LHS
      (cond
        (positiveCond
          (condsForOneId
            (condType)
            (idTest
              (test
                (simpleTest
                  (singleTest
                    (variable)))))
            (attrValueTests
              (attrTest
                (test
                  (simpleTest
                    (singleTest
                      (constant
                        (symConstant
                          (string)))))))
              (valueTest
                (test
                  (simpleTest
                    (singleTest
                      (constant
                        (symConstant
                          (string))))))))
            (attrValueTests
              (attrTest
                (test
                  (simpleTest
                    (singleTest
                      (constant
                        (symConstant
                          (string)))))))
              (valueTest
                (test
                  (conjunctiveTest
                    (simpleTest
                      (relationalTest
                        (relation)
                        (singleTest
                          (constant
                            (intConstant)))))
                    (simpleTest
                      (singleTest
                        (variable)))))))
            (attrValueTests
              (attrTest
                (test
                  (simpleTest
                    (singleTest
                      (constant
                        (symConstant
                          (string)))))))
              (valueTest
                (test
                  (simpleTest
                    (singleTest
                      (variable))))))
            (attrValueTests
              (attrTest
                (test
                  (simpleTest
                    (singleTest
                      (constant
                        (symConstant
                          (string)))))))
              (valueTest
                (test
                  (simpleTest
                    (singleTest
                      (variable))))))
            (attrValueTests
              (attrTest
                (test
                  (simpleTest
                    (singleTest
                      (constant
                        (symConstant
                          (string)))))))
              (valueTest
                (test
                  (simpleTest
                    (singleTest
                      (variable))))))
            (attrValueTests
              (attrTest
                (test
                  (simpleTest
                    (singleTest
                      (constant
                        (symConstant
                          (string)))))))
              (valueTest
                (test
                  (conjunctiveTest
                    (simpleTest
                      (relationalTest
                        (relation)
                        (singleTest
                          (variable))))
                    (simpleTest
                      (relationalTest
                        (relation)
                        (singleTest
                          (variable))))
                    (simpleTest
                      (singleTest
                        (variable)))))))))))
    (action
      (variable)
      (attrValueMake
        (rhsValue
          (constant
            (symConstant
              (string))))
        (valueMake
          (rhsValue
            (variable))
          (preferenceSpecifier
            (unaryPreference))))
      (attrValueMake
        (rhsValue
          (constant
            (symConstant
              (string))))
        (valueMake
          (rhsValue
            (variable))
          (preferenceSpecifier
            (unaryPreference)))))))
