================================================================================
UnitTests/SoarTestAgents/Chunking/expected/ChunkingTests_RL_Variablization_expected.soar
================================================================================

sp {answer*template2*5
    (state <s1> ^rl-id <t1> ^operator <o1> +)
    (<t1> ^value 0.900000)
    -->
    (<s1> ^operator <o1> = 0.900000)
}

sp {answer*template1*4
    (state <s1> ^rl-item 0.900000 ^operator <o1> +)
    -->
    (<s1> ^operator <o1> = 0.900000)
}

sp {answer*template3*3
    (state <s1> ^rl-item 0.900000 ^rl-id <t2> ^rl-id2 <t1> ^operator <o1> +)
    (<t2> ^value 0.900000)
    (<t1> ^value <d1>)
    -->
    (<s1> ^operator <o1> = 0)
}

sp {answer*template4*2
    (state <s1> ^rl-item2 0.700000 ^rl-item 0.900000 ^rl-id <t2>
          ^rl-id2 { <> <t2> <t1> } ^operator <o1> +)
    (<t2> ^value 0.900000)
    -->
    (<s1> ^operator <o1> = 0.700000)
}

sp {answer*template1*1
    (state <s1> ^rl-item 0.600000 ^operator <o1> +)
    -->
    (<s1> ^operator <o1> = 0.600000)
}
--------------------------------------------------------------------------------

(source_file
  (production
    (beginning
      (prod_name))
    (cond
      (positiveCond
        (condsForOneId
          (condType)
          (idTest
            (test
              (simpleTest
                (singleTest
                  (variable)))))
          (attrValueTests
            (attrTest
              (test
                (simpleTest
                  (singleTest
                    (string)))))
            (valueTest
              (test
                (simpleTest
                  (singleTest
                    (variable))))))
          (attrValueTests
            (attrTest
              (test
                (simpleTest
                  (singleTest
                    (string)))))
            (valueTest
              (test
                (simpleTest
                  (singleTest
                    (variable)))))))))
    (cond
      (positiveCond
        (condsForOneId
          (idTest
            (test
              (simpleTest
                (singleTest
                  (variable)))))
          (attrValueTests
            (attrTest
              (test
                (simpleTest
                  (singleTest
                    (string)))))
            (valueTest
              (test
                (simpleTest
                  (singleTest
                    (floatConstant)))))))))
    (variableMutation
      (variable)
      (attrValueMake
        (string)
        (valueMake
          (variable)
          (preferenceSpecifier
            (unaryOrBinaryPreference)
            (floatConstant))))))
  (production
    (beginning
      (prod_name))
    (cond
      (positiveCond
        (condsForOneId
          (condType)
          (idTest
            (test
              (simpleTest
                (singleTest
                  (variable)))))
          (attrValueTests
            (attrTest
              (test
                (simpleTest
                  (singleTest
                    (string)))))
            (valueTest
              (test
                (simpleTest
                  (singleTest
                    (floatConstant))))))
          (attrValueTests
            (attrTest
              (test
                (simpleTest
                  (singleTest
                    (string)))))
            (valueTest
              (test
                (simpleTest
                  (singleTest
                    (variable)))))))))
    (variableMutation
      (variable)
      (attrValueMake
        (string)
        (valueMake
          (variable)
          (preferenceSpecifier
            (unaryOrBinaryPreference)
            (floatConstant))))))
  (production
    (beginning
      (prod_name))
    (cond
      (positiveCond
        (condsForOneId
          (condType)
          (idTest
            (test
              (simpleTest
                (singleTest
                  (variable)))))
          (attrValueTests
            (attrTest
              (test
                (simpleTest
                  (singleTest
                    (string)))))
            (valueTest
              (test
                (simpleTest
                  (singleTest
                    (floatConstant))))))
          (attrValueTests
            (attrTest
              (test
                (simpleTest
                  (singleTest
                    (string)))))
            (valueTest
              (test
                (simpleTest
                  (singleTest
                    (variable))))))
          (attrValueTests
            (attrTest
              (test
                (simpleTest
                  (singleTest
                    (string)))))
            (valueTest
              (test
                (simpleTest
                  (singleTest
                    (variable))))))
          (attrValueTests
            (attrTest
              (test
                (simpleTest
                  (singleTest
                    (string)))))
            (valueTest
              (test
                (simpleTest
                  (singleTest
                    (variable)))))))))
    (cond
      (positiveCond
        (condsForOneId
          (idTest
            (test
              (simpleTest
                (singleTest
                  (variable)))))
          (attrValueTests
            (attrTest
              (test
                (simpleTest
                  (singleTest
                    (string)))))
            (valueTest
              (test
                (simpleTest
                  (singleTest
                    (floatConstant)))))))))
    (cond
      (positiveCond
        (condsForOneId
          (idTest
            (test
              (simpleTest
                (singleTest
                  (variable)))))
          (attrValueTests
            (attrTest
              (test
                (simpleTest
                  (singleTest
                    (string)))))
            (valueTest
              (test
                (simpleTest
                  (singleTest
                    (variable)))))))))
    (variableMutation
      (variable)
      (attrValueMake
        (string)
        (valueMake
          (variable)
          (preferenceSpecifier
            (unaryOrBinaryPreference)
            (string))))))
  (production
    (beginning
      (prod_name))
    (cond
      (positiveCond
        (condsForOneId
          (condType)
          (idTest
            (test
              (simpleTest
                (singleTest
                  (variable)))))
          (attrValueTests
            (attrTest
              (test
                (simpleTest
                  (singleTest
                    (string)))))
            (valueTest
              (test
                (simpleTest
                  (singleTest
                    (floatConstant))))))
          (attrValueTests
            (attrTest
              (test
                (simpleTest
                  (singleTest
                    (string)))))
            (valueTest
              (test
                (simpleTest
                  (singleTest
                    (floatConstant))))))
          (attrValueTests
            (attrTest
              (test
                (simpleTest
                  (singleTest
                    (string)))))
            (valueTest
              (test
                (simpleTest
                  (singleTest
                    (variable))))))
          (attrValueTests
            (attrTest
              (test
                (simpleTest
                  (singleTest
                    (string)))))
            (valueTest
              (test
                (conjunctiveTest
                  (simpleTest
                    (relationalTest
                      (relation)
                      (singleTest
                        (variable))))
                  (simpleTest
                    (singleTest
                      (variable)))))))
          (attrValueTests
            (attrTest
              (test
                (simpleTest
                  (singleTest
                    (string)))))
            (valueTest
              (test
                (simpleTest
                  (singleTest
                    (variable)))))))))
    (cond
      (positiveCond
        (condsForOneId
          (idTest
            (test
              (simpleTest
                (singleTest
                  (variable)))))
          (attrValueTests
            (attrTest
              (test
                (simpleTest
                  (singleTest
                    (string)))))
            (valueTest
              (test
                (simpleTest
                  (singleTest
                    (floatConstant)))))))))
    (variableMutation
      (variable)
      (attrValueMake
        (string)
        (valueMake
          (variable)
          (preferenceSpecifier
            (unaryOrBinaryPreference)
            (floatConstant))))))
  (production
    (beginning
      (prod_name))
    (cond
      (positiveCond
        (condsForOneId
          (condType)
          (idTest
            (test
              (simpleTest
                (singleTest
                  (variable)))))
          (attrValueTests
            (attrTest
              (test
                (simpleTest
                  (singleTest
                    (string)))))
            (valueTest
              (test
                (simpleTest
                  (singleTest
                    (floatConstant))))))
          (attrValueTests
            (attrTest
              (test
                (simpleTest
                  (singleTest
                    (string)))))
            (valueTest
              (test
                (simpleTest
                  (singleTest
                    (variable)))))))))
    (variableMutation
      (variable)
      (attrValueMake
        (string)
        (valueMake
          (variable)
          (preferenceSpecifier
            (unaryOrBinaryPreference)
            (floatConstant)))))))
