================================================================================
UnitTests/SoarTestAgents/Chunking/expected/ChunkingTests_Unify_through_Two_Traces_Four_Deep_expected.soar
================================================================================

sp {answer*make-chunk*StateNoChange*t4-3
    (state <s1> ^superstate nil ^word2 <c3> ^word <c2>
          ^word { >= object <> not-object <= object <> <c3> <c1> })
    -->
    (<s1> ^result1 <c1> + ^result2 <c1> + ^result3 <c3> +)
}

sp {answer*make-chunk*StateNoChange*t4-2
    (state <s2> ^superstate <s1>)
    (<s1> ^superstate nil ^word2 <c3> ^word <c2>
          ^word { >= object <> not-object <= object <> <c3> <c1> })
    -->
    (<s1> ^result1 <c1> + ^result2 <c1> + ^result3 <c3> +)
}

sp {answer*make-chunk*StateNoChange*t4-1
    (state <s3> ^superstate <s2>)
    (<s2> ^superstate <s1>)
    (<s1> ^superstate nil ^word2 <c3> ^word <c2>
          ^word { >= object <> not-object <= object <> <c3> <c1> })
    -->
    (<s1> ^result1 <c1> + ^result2 <c1> + ^result3 <c3> +)
}
--------------------------------------------------------------------------------

(source_file
  (production
    (beginning
      (prod_name))
    (LHS
      (cond
        (positiveCond
          (condsForOneId
            (condType)
            (idTest
              (test
                (simpleTest
                  (singleTest
                    (variable)))))
            (attrValueTests
              (attrTest
                (test
                  (simpleTest
                    (singleTest
                      (constant
                        (symConstant
                          (string)))))))
              (valueTest
                (test
                  (simpleTest
                    (singleTest
                      (constant
                        (symConstant
                          (string))))))))
            (attrValueTests
              (attrTest
                (test
                  (simpleTest
                    (singleTest
                      (constant
                        (symConstant
                          (string)))))))
              (valueTest
                (test
                  (simpleTest
                    (singleTest
                      (variable))))))
            (attrValueTests
              (attrTest
                (test
                  (simpleTest
                    (singleTest
                      (constant
                        (symConstant
                          (string)))))))
              (valueTest
                (test
                  (simpleTest
                    (singleTest
                      (variable))))))
            (attrValueTests
              (attrTest
                (test
                  (simpleTest
                    (singleTest
                      (constant
                        (symConstant
                          (string)))))))
              (valueTest
                (test
                  (conjunctiveTest
                    (simpleTest
                      (relationalTest
                        (relation)
                        (singleTest
                          (constant
                            (symConstant
                              (string))))))
                    (simpleTest
                      (relationalTest
                        (relation)
                        (singleTest
                          (constant
                            (symConstant
                              (string))))))
                    (simpleTest
                      (relationalTest
                        (relation)
                        (singleTest
                          (constant
                            (symConstant
                              (string))))))
                    (simpleTest
                      (relationalTest
                        (relation)
                        (singleTest
                          (variable))))
                    (simpleTest
                      (singleTest
                        (variable)))))))))))
    (action
      (variable)
      (attrValueMake
        (rhsValue
          (constant
            (symConstant
              (string))))
        (valueMake
          (rhsValue
            (variable))
          (preferenceSpecifier
            (unaryPreference))))
      (attrValueMake
        (rhsValue
          (constant
            (symConstant
              (string))))
        (valueMake
          (rhsValue
            (variable))
          (preferenceSpecifier
            (unaryPreference))))
      (attrValueMake
        (rhsValue
          (constant
            (symConstant
              (string))))
        (valueMake
          (rhsValue
            (variable))
          (preferenceSpecifier
            (unaryPreference))))))
  (production
    (beginning
      (prod_name))
    (LHS
      (cond
        (positiveCond
          (condsForOneId
            (condType)
            (idTest
              (test
                (simpleTest
                  (singleTest
                    (variable)))))
            (attrValueTests
              (attrTest
                (test
                  (simpleTest
                    (singleTest
                      (constant
                        (symConstant
                          (string)))))))
              (valueTest
                (test
                  (simpleTest
                    (singleTest
                      (variable)))))))))
      (cond
        (positiveCond
          (condsForOneId
            (idTest
              (test
                (simpleTest
                  (singleTest
                    (variable)))))
            (attrValueTests
              (attrTest
                (test
                  (simpleTest
                    (singleTest
                      (constant
                        (symConstant
                          (string)))))))
              (valueTest
                (test
                  (simpleTest
                    (singleTest
                      (constant
                        (symConstant
                          (string))))))))
            (attrValueTests
              (attrTest
                (test
                  (simpleTest
                    (singleTest
                      (constant
                        (symConstant
                          (string)))))))
              (valueTest
                (test
                  (simpleTest
                    (singleTest
                      (variable))))))
            (attrValueTests
              (attrTest
                (test
                  (simpleTest
                    (singleTest
                      (constant
                        (symConstant
                          (string)))))))
              (valueTest
                (test
                  (simpleTest
                    (singleTest
                      (variable))))))
            (attrValueTests
              (attrTest
                (test
                  (simpleTest
                    (singleTest
                      (constant
                        (symConstant
                          (string)))))))
              (valueTest
                (test
                  (conjunctiveTest
                    (simpleTest
                      (relationalTest
                        (relation)
                        (singleTest
                          (constant
                            (symConstant
                              (string))))))
                    (simpleTest
                      (relationalTest
                        (relation)
                        (singleTest
                          (constant
                            (symConstant
                              (string))))))
                    (simpleTest
                      (relationalTest
                        (relation)
                        (singleTest
                          (constant
                            (symConstant
                              (string))))))
                    (simpleTest
                      (relationalTest
                        (relation)
                        (singleTest
                          (variable))))
                    (simpleTest
                      (singleTest
                        (variable)))))))))))
    (action
      (variable)
      (attrValueMake
        (rhsValue
          (constant
            (symConstant
              (string))))
        (valueMake
          (rhsValue
            (variable))
          (preferenceSpecifier
            (unaryPreference))))
      (attrValueMake
        (rhsValue
          (constant
            (symConstant
              (string))))
        (valueMake
          (rhsValue
            (variable))
          (preferenceSpecifier
            (unaryPreference))))
      (attrValueMake
        (rhsValue
          (constant
            (symConstant
              (string))))
        (valueMake
          (rhsValue
            (variable))
          (preferenceSpecifier
            (unaryPreference))))))
  (production
    (beginning
      (prod_name))
    (LHS
      (cond
        (positiveCond
          (condsForOneId
            (condType)
            (idTest
              (test
                (simpleTest
                  (singleTest
                    (variable)))))
            (attrValueTests
              (attrTest
                (test
                  (simpleTest
                    (singleTest
                      (constant
                        (symConstant
                          (string)))))))
              (valueTest
                (test
                  (simpleTest
                    (singleTest
                      (variable)))))))))
      (cond
        (positiveCond
          (condsForOneId
            (idTest
              (test
                (simpleTest
                  (singleTest
                    (variable)))))
            (attrValueTests
              (attrTest
                (test
                  (simpleTest
                    (singleTest
                      (constant
                        (symConstant
                          (string)))))))
              (valueTest
                (test
                  (simpleTest
                    (singleTest
                      (variable)))))))))
      (cond
        (positiveCond
          (condsForOneId
            (idTest
              (test
                (simpleTest
                  (singleTest
                    (variable)))))
            (attrValueTests
              (attrTest
                (test
                  (simpleTest
                    (singleTest
                      (constant
                        (symConstant
                          (string)))))))
              (valueTest
                (test
                  (simpleTest
                    (singleTest
                      (constant
                        (symConstant
                          (string))))))))
            (attrValueTests
              (attrTest
                (test
                  (simpleTest
                    (singleTest
                      (constant
                        (symConstant
                          (string)))))))
              (valueTest
                (test
                  (simpleTest
                    (singleTest
                      (variable))))))
            (attrValueTests
              (attrTest
                (test
                  (simpleTest
                    (singleTest
                      (constant
                        (symConstant
                          (string)))))))
              (valueTest
                (test
                  (simpleTest
                    (singleTest
                      (variable))))))
            (attrValueTests
              (attrTest
                (test
                  (simpleTest
                    (singleTest
                      (constant
                        (symConstant
                          (string)))))))
              (valueTest
                (test
                  (conjunctiveTest
                    (simpleTest
                      (relationalTest
                        (relation)
                        (singleTest
                          (constant
                            (symConstant
                              (string))))))
                    (simpleTest
                      (relationalTest
                        (relation)
                        (singleTest
                          (constant
                            (symConstant
                              (string))))))
                    (simpleTest
                      (relationalTest
                        (relation)
                        (singleTest
                          (constant
                            (symConstant
                              (string))))))
                    (simpleTest
                      (relationalTest
                        (relation)
                        (singleTest
                          (variable))))
                    (simpleTest
                      (singleTest
                        (variable)))))))))))
    (action
      (variable)
      (attrValueMake
        (rhsValue
          (constant
            (symConstant
              (string))))
        (valueMake
          (rhsValue
            (variable))
          (preferenceSpecifier
            (unaryPreference))))
      (attrValueMake
        (rhsValue
          (constant
            (symConstant
              (string))))
        (valueMake
          (rhsValue
            (variable))
          (preferenceSpecifier
            (unaryPreference))))
      (attrValueMake
        (rhsValue
          (constant
            (symConstant
              (string))))
        (valueMake
          (rhsValue
            (variable))
          (preferenceSpecifier
            (unaryPreference)))))))
