================================================================================
UnitTests/SoarTestAgents/Chunking/expected/ChunkingTests_Literalization_with_BT_Constraints_expected.soar
================================================================================

sp {answer*chunk*start-chunking2*snc*t2-1
    (state <s1> ^word object)
    (<s1> ^superstate nil)
    (<s1> ^word2 { <> object <> ungrounded <c2> })
    (<s1> ^word { <> ungrounded <c1> })
    -->
    (<s1> ^result object +)
    (<s1> ^result2 ungrounded +)
}
--------------------------------------------------------------------------------

(source_file
  (production
    (prod_name)
    (condsForOneId
      (condType)
      (idTest
        (variable))
      (attrValueTests
        (string)
        (valueTest
          (string))))
    (condsForOneId
      (idTest
        (variable))
      (attrValueTests
        (string)
        (valueTest
          (string))))
    (condsForOneId
      (idTest
        (variable))
      (attrValueTests
        (string)
        (valueTest
          (conjunctiveTest
            (relationalTest
              (relation)
              (string))
            (relationalTest
              (relation)
              (string))
            (variable)))))
    (condsForOneId
      (idTest
        (variable))
      (attrValueTests
        (string)
        (valueTest
          (conjunctiveTest
            (relationalTest
              (relation)
              (string))
            (variable)))))
    (variableMutation
      (variable)
      (attrValueMake
        (string)
        (valueMake
          (string)
          (unaryPreference))))
    (variableMutation
      (variable)
      (attrValueMake
        (string)
        (valueMake
          (string)
          (unaryPreference))))))
