================================================================================
UnitTests/SoarTestAgents/Chunking/expected/ChunkingTests_Ungrounded_STIs_expected.soar
================================================================================

sp {answer*chunk*apply13b*onc*t3-1
    (state <s1> ^superstate nil)
    -->
    (<s1> ^result13a <u1> + ^test-done 1 +)
}




--------------------------------------------------------------------------------

(source_file
  (production
    (prod_name)
    (condsForOneId
      (condType)
      (idTest
        (variable))
      (attrValueTests
        (string)
        (valueTest
          (string))))
    (variableMutation
      (variable)
      (attrValueMake
        (string)
        (valueMake
          (variable)
          (unaryPreference)))
      (attrValueMake
        (string)
        (valueMake
          (string)
          (unaryPreference))))))
