================================================================================
UnitTests/SoarTestAgents/Chunking/expected/ChunkingTests_Literalization_Simple_expected.soar
================================================================================

sp {answer*chunk*make-chunk2*snc*t2-1
    (state <s1> ^foo bar ^word object ^superstate nil ^foo <c2> ^word <c1>)
    -->
    (<s1> ^result object + ^result2 bar +)
}
--------------------------------------------------------------------------------

(source_file
  (production
    (prod_name)
    (condsForOneId
      (condType)
      (idTest
        (variable))
      (attrValueTests
        (string)
        (valueTest
          (string)))
      (attrValueTests
        (string)
        (valueTest
          (string)))
      (attrValueTests
        (string)
        (valueTest
          (string)))
      (attrValueTests
        (string)
        (valueTest
          (variable)))
      (attrValueTests
        (string)
        (valueTest
          (variable))))
    (variableMutation
      (variable)
      (attrValueMake
        (string)
        (valueMake
          (string)
          (unaryPreference)))
      (attrValueMake
        (string)
        (valueMake
          (string)
          (unaryPreference))))))
