================================================================================
UnitTests/SoarTestAgents/Chunking/expected/ChunkingTests_Promoted_STI_expected.soar
================================================================================

sp {answer*apply*promote*t1-1
    (state <s1> ^foo <b1>)
    -->
    (<b1> ^promoted <h1> +)
}

--------------------------------------------------------------------------------

(source_file
  (production
    (prod_name)
    (condsForOneId
      (condType)
      (singleTest
        (variable))
      (attrValueTests
        (singleTest
          (string))
        (valueTest
          (singleTest
            (variable)))))
    (variableMutation
      (variable)
      (attrValueMake
        (string)
        (valueMake
          (variable)
          (unaryPreference))))))
