================================================================================
UnitTests/SoarTestAgents/Chunking/expected/ChunkingTests_Literalization_of_NC_and_NCC_expected.soar
================================================================================

sp {answer*chunk*make-chunk*snc*t2-1
    (state <s1> ^word object)
    (<s1> -^prefix object)
   -{ (<s1> ^suffix object)
      (<s1> ^word { <> object <fantasy-object> })}
    (<s1> ^superstate nil)
    -->
    (<s1> ^result object +)
}
--------------------------------------------------------------------------------

(source_file
  (production
    (prod_name)
    (condsForOneId
      (condType)
      (singleTest
        (variable))
      (attrValueTests
        (singleTest
          (string))
        (valueTest
          (singleTest
            (string)))))
    (condsForOneId
      (singleTest
        (variable))
      (attrValueTests
        (singleTest
          (string))
        (valueTest
          (singleTest
            (string)))))
    (negativeCond
      (conjunctiveCond
        (condsForOneId
          (singleTest
            (variable))
          (attrValueTests
            (singleTest
              (string))
            (valueTest
              (singleTest
                (string)))))
        (condsForOneId
          (singleTest
            (variable))
          (attrValueTests
            (singleTest
              (string))
            (valueTest
              (conjunctiveTest
                (relationalTest
                  (relation)
                  (singleTest
                    (string)))
                (singleTest
                  (variable))))))))
    (condsForOneId
      (singleTest
        (variable))
      (attrValueTests
        (singleTest
          (string))
        (valueTest
          (singleTest
            (string)))))
    (variableMutation
      (variable)
      (attrValueMake
        (string)
        (valueMake
          (string)
          (unaryPreference))))))
