================================================================================
UnitTests/SoarTestAgents/Chunking/expected/ChunkingTests_Link_STM_to_LTM_expected.soar
================================================================================

sp {answer*step*4*OpNoChange*t4-1
        (state <s1> ^superstate nil -^substate-done <s*1> ^result1 <l1>)
    -->
    (<s1> ^result2 <l2> + ^result3 <l1> +)
    (<l2> ^number 33 + ^name |scottie pippen| + ^qualities <l3> +)
    (<l3> ^first Smooth +)
    (link-stm-to-ltm <l2> 33)
    (link-stm-to-ltm <l3> 3)
}

sp {answer*step*2*OpNoChange*t3-1
        (state <s1> ^superstate nil -^substate-done <s*1>)
    -->
    (<s1> ^result1 <l1> +)
    (<l1> ^number 23 + ^name |michael jordan| + ^qualities <l2> +)
    (<l2> ^first GOT +)
    (link-stm-to-ltm <l1> 23)
    (link-stm-to-ltm <l2> 2)
}


sp {answerwin*step*4*OpNoChange*t4-1
    (state <s1> ^superstate nil -^substate-done <s*1> ^result1 <l1>)
    -->
    (<s1> ^result2 <l3> + ^result3 <l1> +)
    (<l3> ^qualities <l2> + ^number 33 + ^name |scottie pippen| +)
    (<l2> ^first Smooth +)
    (link-stm-to-ltm <l2> 3)
    (link-stm-to-ltm <l3> 33)
}

sp {answerwin*step*2*OpNoChange*t3-1
    (state <s1> ^superstate nil -^substate-done <s*1>)
    -->
    (<s1> ^result1 <l2> +)
    (<l2> ^qualities <l1> + ^number 23 + ^name |michael jordan| +)
    (<l1> ^first GOT +)
    (link-stm-to-ltm <l1> 2)
    (link-stm-to-ltm <l2> 23)
}

--------------------------------------------------------------------------------

(source_file
  (production
    (prod_name)
    (condsForOneId
      (condType)
      (singleTest
        (variable))
      (attrValueTests
        (singleTest
          (string))
        (valueTest
          (singleTest
            (string))))
      (attrValueTests
        (singleTest
          (string))
        (valueTest
          (singleTest
            (variable))))
      (attrValueTests
        (singleTest
          (string))
        (valueTest
          (singleTest
            (variable)))))
    (variableMutation
      (variable)
      (attrValueMake
        (string)
        (valueMake
          (variable)
          (unaryPreference)))
      (attrValueMake
        (string)
        (valueMake
          (variable)
          (unaryPreference))))
    (variableMutation
      (variable)
      (attrValueMake
        (string)
        (valueMake
          (string)
          (unaryPreference)))
      (attrValueMake
        (string)
        (valueMake
          (quoted)
          (unaryPreference)))
      (attrValueMake
        (string)
        (valueMake
          (variable)
          (unaryPreference))))
    (variableMutation
      (variable)
      (attrValueMake
        (string)
        (valueMake
          (string)
          (unaryPreference))))
    (funcCall
      (funcName
        (string))
      (variable)
      (string))
    (funcCall
      (funcName
        (string))
      (variable)
      (string)))
  (production
    (prod_name)
    (condsForOneId
      (condType)
      (singleTest
        (variable))
      (attrValueTests
        (singleTest
          (string))
        (valueTest
          (singleTest
            (string))))
      (attrValueTests
        (singleTest
          (string))
        (valueTest
          (singleTest
            (variable)))))
    (variableMutation
      (variable)
      (attrValueMake
        (string)
        (valueMake
          (variable)
          (unaryPreference))))
    (variableMutation
      (variable)
      (attrValueMake
        (string)
        (valueMake
          (string)
          (unaryPreference)))
      (attrValueMake
        (string)
        (valueMake
          (quoted)
          (unaryPreference)))
      (attrValueMake
        (string)
        (valueMake
          (variable)
          (unaryPreference))))
    (variableMutation
      (variable)
      (attrValueMake
        (string)
        (valueMake
          (string)
          (unaryPreference))))
    (funcCall
      (funcName
        (string))
      (variable)
      (string))
    (funcCall
      (funcName
        (string))
      (variable)
      (string)))
  (production
    (prod_name)
    (condsForOneId
      (condType)
      (singleTest
        (variable))
      (attrValueTests
        (singleTest
          (string))
        (valueTest
          (singleTest
            (string))))
      (attrValueTests
        (singleTest
          (string))
        (valueTest
          (singleTest
            (variable))))
      (attrValueTests
        (singleTest
          (string))
        (valueTest
          (singleTest
            (variable)))))
    (variableMutation
      (variable)
      (attrValueMake
        (string)
        (valueMake
          (variable)
          (unaryPreference)))
      (attrValueMake
        (string)
        (valueMake
          (variable)
          (unaryPreference))))
    (variableMutation
      (variable)
      (attrValueMake
        (string)
        (valueMake
          (variable)
          (unaryPreference)))
      (attrValueMake
        (string)
        (valueMake
          (string)
          (unaryPreference)))
      (attrValueMake
        (string)
        (valueMake
          (quoted)
          (unaryPreference))))
    (variableMutation
      (variable)
      (attrValueMake
        (string)
        (valueMake
          (string)
          (unaryPreference))))
    (funcCall
      (funcName
        (string))
      (variable)
      (string))
    (funcCall
      (funcName
        (string))
      (variable)
      (string)))
  (production
    (prod_name)
    (condsForOneId
      (condType)
      (singleTest
        (variable))
      (attrValueTests
        (singleTest
          (string))
        (valueTest
          (singleTest
            (string))))
      (attrValueTests
        (singleTest
          (string))
        (valueTest
          (singleTest
            (variable)))))
    (variableMutation
      (variable)
      (attrValueMake
        (string)
        (valueMake
          (variable)
          (unaryPreference))))
    (variableMutation
      (variable)
      (attrValueMake
        (string)
        (valueMake
          (variable)
          (unaryPreference)))
      (attrValueMake
        (string)
        (valueMake
          (string)
          (unaryPreference)))
      (attrValueMake
        (string)
        (valueMake
          (quoted)
          (unaryPreference))))
    (variableMutation
      (variable)
      (attrValueMake
        (string)
        (valueMake
          (string)
          (unaryPreference))))
    (funcCall
      (funcName
        (string))
      (variable)
      (string))
    (funcCall
      (funcName
        (string))
      (variable)
      (string))))
