================================================================================
UnitTests/SoarTestAgents/Chunking/expected/ChunkingTests_NCC_Complex_expected.soar
================================================================================

sp {answer*apply24*onc*t3-1
    (state <s1> ^superstate nil)
    (<s1> ^test-item2 <c2>)
    (<s1> ^test-item { > <c2> <> <c2> <c1> })
   -{ (<s1> ^bar <c1>)
      (<s1> ^foo { > <c1> > <c2> <max> })
      (<s1> ^test-item3 <max>)}
    -->
    (<s1> ^highest <c1> +)
    (<s1> ^second-highest <c2> +)
    (<s1> ^unbound <m1> +)
    (<s1> ^test-done 1 +)
}



--------------------------------------------------------------------------------

(source_file
  (production
    (beginning
      (prod_name))
    (LHS
      (cond
        (positiveCond
          (condsForOneId
            (condType)
            (idTest
              (test
                (simpleTest
                  (singleTest
                    (variable)))))
            (attrValueTests
              (attrTest
                (test
                  (simpleTest
                    (singleTest
                      (constant
                        (symConstant
                          (string)))))))
              (valueTest
                (test
                  (simpleTest
                    (singleTest
                      (constant
                        (symConstant
                          (string)))))))))))
      (cond
        (positiveCond
          (condsForOneId
            (idTest
              (test
                (simpleTest
                  (singleTest
                    (variable)))))
            (attrValueTests
              (attrTest
                (test
                  (simpleTest
                    (singleTest
                      (constant
                        (symConstant
                          (string)))))))
              (valueTest
                (test
                  (simpleTest
                    (singleTest
                      (variable)))))))))
      (cond
        (positiveCond
          (condsForOneId
            (idTest
              (test
                (simpleTest
                  (singleTest
                    (variable)))))
            (attrValueTests
              (attrTest
                (test
                  (simpleTest
                    (singleTest
                      (constant
                        (symConstant
                          (string)))))))
              (valueTest
                (test
                  (conjunctiveTest
                    (simpleTest
                      (relationalTest
                        (relation)
                        (singleTest
                          (variable))))
                    (simpleTest
                      (relationalTest
                        (relation)
                        (singleTest
                          (variable))))
                    (simpleTest
                      (singleTest
                        (variable))))))))))
      (cond
        (negativeCond
          (positiveCond
            (conjunctiveCond
              (cond
                (positiveCond
                  (condsForOneId
                    (idTest
                      (test
                        (simpleTest
                          (singleTest
                            (variable)))))
                    (attrValueTests
                      (attrTest
                        (test
                          (simpleTest
                            (singleTest
                              (constant
                                (symConstant
                                  (string)))))))
                      (valueTest
                        (test
                          (simpleTest
                            (singleTest
                              (variable)))))))))
              (cond
                (positiveCond
                  (condsForOneId
                    (idTest
                      (test
                        (simpleTest
                          (singleTest
                            (variable)))))
                    (attrValueTests
                      (attrTest
                        (test
                          (simpleTest
                            (singleTest
                              (constant
                                (symConstant
                                  (string)))))))
                      (valueTest
                        (test
                          (conjunctiveTest
                            (simpleTest
                              (relationalTest
                                (relation)
                                (singleTest
                                  (variable))))
                            (simpleTest
                              (relationalTest
                                (relation)
                                (singleTest
                                  (variable))))
                            (simpleTest
                              (singleTest
                                (variable))))))))))
              (cond
                (positiveCond
                  (condsForOneId
                    (idTest
                      (test
                        (simpleTest
                          (singleTest
                            (variable)))))
                    (attrValueTests
                      (attrTest
                        (test
                          (simpleTest
                            (singleTest
                              (constant
                                (symConstant
                                  (string)))))))
                      (valueTest
                        (test
                          (simpleTest
                            (singleTest
                              (variable))))))))))))))
    (action
      (variable)
      (attrValueMake
        (rhsValue
          (constant
            (symConstant
              (string))))
        (valueMake
          (rhsValue
            (variable))
          (preferenceSpecifier
            (unaryPreference)))))
    (action
      (variable)
      (attrValueMake
        (rhsValue
          (constant
            (symConstant
              (string))))
        (valueMake
          (rhsValue
            (variable))
          (preferenceSpecifier
            (unaryPreference)))))
    (action
      (variable)
      (attrValueMake
        (rhsValue
          (constant
            (symConstant
              (string))))
        (valueMake
          (rhsValue
            (variable))
          (preferenceSpecifier
            (unaryPreference)))))
    (action
      (variable)
      (attrValueMake
        (rhsValue
          (constant
            (symConstant
              (string))))
        (valueMake
          (rhsValue
            (constant
              (intConstant)))
          (preferenceSpecifier
            (unaryPreference)))))))
