================================================================================
UnitTests/SoarTestAgents/Chunking/expected/ChunkingTests_RHS_Referent_Function_expected.soar
================================================================================

sp {answer*make-chunk*Tie*t1-1
    (state <s1> ^operator <o2> + ^operator <o1> +)
    (<o2> ^prob <c2>)
    (<o1> ^prob { < <c2> <c1> })
    -->
    (<s1> ^operator <o1> = (abs (+ 1 <c1>)) ^operator <o2> = (abs (+ 1 <c2>)))
}
--------------------------------------------------------------------------------

(source_file
  (production
    (beginning
      (prod_name))
    (LHS
      (cond
        (positiveCond
          (condsForOneId
            (condType)
            (idTest
              (test
                (simpleTest
                  (singleTest
                    (variable)))))
            (attrValueTests
              (attrTest
                (test
                  (simpleTest
                    (singleTest
                      (constant
                        (symConstant
                          (string)))))))
              (valueTest
                (test
                  (simpleTest
                    (singleTest
                      (variable))))))
            (attrValueTests
              (attrTest
                (test
                  (simpleTest
                    (singleTest
                      (constant
                        (symConstant
                          (string)))))))
              (valueTest
                (test
                  (simpleTest
                    (singleTest
                      (variable)))))))))
      (cond
        (positiveCond
          (condsForOneId
            (idTest
              (test
                (simpleTest
                  (singleTest
                    (variable)))))
            (attrValueTests
              (attrTest
                (test
                  (simpleTest
                    (singleTest
                      (constant
                        (symConstant
                          (string)))))))
              (valueTest
                (test
                  (simpleTest
                    (singleTest
                      (variable)))))))))
      (cond
        (positiveCond
          (condsForOneId
            (idTest
              (test
                (simpleTest
                  (singleTest
                    (variable)))))
            (attrValueTests
              (attrTest
                (test
                  (simpleTest
                    (singleTest
                      (constant
                        (symConstant
                          (string)))))))
              (valueTest
                (test
                  (conjunctiveTest
                    (simpleTest
                      (relationalTest
                        (relation)
                        (singleTest
                          (variable))))
                    (simpleTest
                      (singleTest
                        (variable)))))))))))
    (action
      (variable)
      (attrValueMake
        (rhsValue
          (constant
            (symConstant
              (string))))
        (valueMake
          (rhsValue
            (variable))
          (preferenceSpecifier
            (unaryOrBinaryPreference)
            (rhsValue
              (funcCall
                (funcName
                  (symConstant
                    (string)))
                (rhsValue
                  (funcCall
                    (funcName)
                    (rhsValue
                      (constant
                        (intConstant)))
                    (rhsValue
                      (variable)))))))))
      (attrValueMake
        (rhsValue
          (constant
            (symConstant
              (string))))
        (valueMake
          (rhsValue
            (variable))
          (preferenceSpecifier
            (unaryOrBinaryPreference)
            (rhsValue
              (funcCall
                (funcName
                  (symConstant
                    (string)))
                (rhsValue
                  (funcCall
                    (funcName)
                    (rhsValue
                      (constant
                        (intConstant)))
                    (rhsValue
                      (variable))))))))))))
