================================================================================
UnitTests/SoarTestAgents/Chunking/expected/ChunkingTests_SMem_Chunked_Query2_expected.soar
================================================================================

sp {answer*retrieve*elaborate*smem-result*t5-1
    (state <s1> ^retrieve-handle stack)
    -->
    (<s1> ^result <l1> +)
    (<l1> ^foo bar + ^handle stack +)
}

sp {answer*retrieve*elaborate*smem-result*t5-1b
    (state <s1> ^retrieve-handle stack)
    -->
    (<s1> ^result <l1> +)
    (<l1> ^handle stack + ^foo bar +)
}
--------------------------------------------------------------------------------

(source_file
  (production
    (beginning
      (prod_name))
    (LHS
      (cond
        (positiveCond
          (condsForOneId
            (condType)
            (idTest
              (test
                (simpleTest
                  (singleTest
                    (variable)))))
            (attrValueTests
              (attrTest
                (test
                  (simpleTest
                    (singleTest
                      (constant
                        (symConstant
                          (string)))))))
              (valueTest
                (test
                  (simpleTest
                    (singleTest
                      (constant
                        (symConstant
                          (string))))))))))))
    (action
      (variable)
      (attrValueMake
        (rhsValue
          (constant
            (symConstant
              (string))))
        (valueMake
          (rhsValue
            (variable))
          (preferenceSpecifier
            (unaryPreference)))))
    (action
      (variable)
      (attrValueMake
        (rhsValue
          (constant
            (symConstant
              (string))))
        (valueMake
          (rhsValue
            (constant
              (symConstant
                (string))))
          (preferenceSpecifier
            (unaryPreference))))
      (attrValueMake
        (rhsValue
          (constant
            (symConstant
              (string))))
        (valueMake
          (rhsValue
            (constant
              (symConstant
                (string))))
          (preferenceSpecifier
            (unaryPreference))))))
  (production
    (beginning
      (prod_name))
    (LHS
      (cond
        (positiveCond
          (condsForOneId
            (condType)
            (idTest
              (test
                (simpleTest
                  (singleTest
                    (variable)))))
            (attrValueTests
              (attrTest
                (test
                  (simpleTest
                    (singleTest
                      (constant
                        (symConstant
                          (string)))))))
              (valueTest
                (test
                  (simpleTest
                    (singleTest
                      (constant
                        (symConstant
                          (string))))))))))))
    (action
      (variable)
      (attrValueMake
        (rhsValue
          (constant
            (symConstant
              (string))))
        (valueMake
          (rhsValue
            (variable))
          (preferenceSpecifier
            (unaryPreference)))))
    (action
      (variable)
      (attrValueMake
        (rhsValue
          (constant
            (symConstant
              (string))))
        (valueMake
          (rhsValue
            (constant
              (symConstant
                (string))))
          (preferenceSpecifier
            (unaryPreference))))
      (attrValueMake
        (rhsValue
          (constant
            (symConstant
              (string))))
        (valueMake
          (rhsValue
            (constant
              (symConstant
                (string))))
          (preferenceSpecifier
            (unaryPreference)))))))
