================================================================================
UnitTests/SoarTestAgents/Chunking/expected/ChunkingTests_Max_Dupes_expected.soar
================================================================================


--------------------------------------------------------------------------------

(source_file)
