================================================================================
UnitTests/SoarTestAgents/Chunking/expected/ChunkingTests_Faux_Smem_Operator_RHS_expected.soar
================================================================================

sp {answer*apply*chunk*check-smem*success*OpNoChange*t5-1
   (state <s1> ^superstate nil)
    -->
    (<s1> ^operator <l1> + ^substate-retrieved <l2> +)
    (<l2> ^operator <l1> +)
    (link-stm-to-ltm <l1> 2)
    (link-stm-to-ltm <l2> 1)
}
--------------------------------------------------------------------------------

(source_file
  (production
    (prod_name)
    (condsForOneId
      (condType)
      (idTest
        (variable))
      (attrValueTests
        (string)
        (valueTest
          (string))))
    (variableMutation
      (variable)
      (attrValueMake
        (string)
        (valueMake
          (variable)
          (unaryPreference)))
      (attrValueMake
        (string)
        (valueMake
          (variable)
          (unaryPreference))))
    (variableMutation
      (variable)
      (attrValueMake
        (string)
        (valueMake
          (variable)
          (unaryPreference))))
    (funcCall
      (funcName
        (string))
      (variable)
      (string))
    (funcCall
      (funcName
        (string))
      (variable)
      (string))))
