================================================================================
UnitTests/SoarTestAgents/Chunking/expected/ChunkingTests_RHS_Math_Abs_expected.soar
================================================================================

sp {answer*make-chunk-abs*snc*t2-2
    (state <s1> ^x 2)
    (<s1> ^superstate nil)
    (<s1> ^n <c1>)
    -->
    (<s1> ^result (abs (+ <c1> <c1>)) +)
    (<s1> ^result2 (abs 4) +)
}

sp {answer*make-chunk*snc*t2-1
    (state <s1> ^z 4)
    (<s1> ^y 3)
    (<s1> ^x 2)
    (<s1> ^superstate nil)
    (<s1> ^n <c2>)
    (<s1> ^x <c1>)
    -->
    (<s1> ^result (* 6 <c1>) +)
    (<s1> ^result2 (abs 6) +)
}

--------------------------------------------------------------------------------

(source_file
  (production
    (beginning
      (prod_name))
    (cond
      (positiveCond
        (condsForOneId
          (condType)
          (idTest
            (test
              (simpleTest
                (singleTest
                  (variable)))))
          (attrValueTests
            (attrTest
              (test
                (simpleTest
                  (singleTest
                    (string)))))
            (valueTest
              (test
                (simpleTest
                  (singleTest
                    (string)))))))))
    (cond
      (positiveCond
        (condsForOneId
          (idTest
            (test
              (simpleTest
                (singleTest
                  (variable)))))
          (attrValueTests
            (attrTest
              (test
                (simpleTest
                  (singleTest
                    (string)))))
            (valueTest
              (test
                (simpleTest
                  (singleTest
                    (string)))))))))
    (cond
      (positiveCond
        (condsForOneId
          (idTest
            (test
              (simpleTest
                (singleTest
                  (variable)))))
          (attrValueTests
            (attrTest
              (test
                (simpleTest
                  (singleTest
                    (string)))))
            (valueTest
              (test
                (simpleTest
                  (singleTest
                    (variable)))))))))
    (variableMutation
      (variable)
      (attrValueMake
        (string)
        (valueMake
          (funcCall
            (funcName
              (string))
            (funcCall
              (funcName)
              (variable)
              (variable)))
          (preferenceSpecifier
            (unaryPreference)))))
    (variableMutation
      (variable)
      (attrValueMake
        (string)
        (valueMake
          (funcCall
            (funcName
              (string))
            (string))
          (preferenceSpecifier
            (unaryPreference))))))
  (production
    (beginning
      (prod_name))
    (cond
      (positiveCond
        (condsForOneId
          (condType)
          (idTest
            (test
              (simpleTest
                (singleTest
                  (variable)))))
          (attrValueTests
            (attrTest
              (test
                (simpleTest
                  (singleTest
                    (string)))))
            (valueTest
              (test
                (simpleTest
                  (singleTest
                    (string)))))))))
    (cond
      (positiveCond
        (condsForOneId
          (idTest
            (test
              (simpleTest
                (singleTest
                  (variable)))))
          (attrValueTests
            (attrTest
              (test
                (simpleTest
                  (singleTest
                    (string)))))
            (valueTest
              (test
                (simpleTest
                  (singleTest
                    (string)))))))))
    (cond
      (positiveCond
        (condsForOneId
          (idTest
            (test
              (simpleTest
                (singleTest
                  (variable)))))
          (attrValueTests
            (attrTest
              (test
                (simpleTest
                  (singleTest
                    (string)))))
            (valueTest
              (test
                (simpleTest
                  (singleTest
                    (string)))))))))
    (cond
      (positiveCond
        (condsForOneId
          (idTest
            (test
              (simpleTest
                (singleTest
                  (variable)))))
          (attrValueTests
            (attrTest
              (test
                (simpleTest
                  (singleTest
                    (string)))))
            (valueTest
              (test
                (simpleTest
                  (singleTest
                    (string)))))))))
    (cond
      (positiveCond
        (condsForOneId
          (idTest
            (test
              (simpleTest
                (singleTest
                  (variable)))))
          (attrValueTests
            (attrTest
              (test
                (simpleTest
                  (singleTest
                    (string)))))
            (valueTest
              (test
                (simpleTest
                  (singleTest
                    (variable)))))))))
    (cond
      (positiveCond
        (condsForOneId
          (idTest
            (test
              (simpleTest
                (singleTest
                  (variable)))))
          (attrValueTests
            (attrTest
              (test
                (simpleTest
                  (singleTest
                    (string)))))
            (valueTest
              (test
                (simpleTest
                  (singleTest
                    (variable)))))))))
    (variableMutation
      (variable)
      (attrValueMake
        (string)
        (valueMake
          (funcCall
            (funcName)
            (string)
            (variable))
          (preferenceSpecifier
            (unaryPreference)))))
    (variableMutation
      (variable)
      (attrValueMake
        (string)
        (valueMake
          (funcCall
            (funcName
              (string))
            (string))
          (preferenceSpecifier
            (unaryPreference)))))))
