================================================================================
UnitTests/SoarTestAgents/Chunking/expected/ChunkingTests_Literalization_with_BT_Constraints2_expected.soar
================================================================================

sp {answer*start-chunking*StateNoChange*t2-2
    (state <s1> ^object1 object ^superstate nil ^object2 <c2> ^object1 <c1>)
    -->
    (<s1> ^result1u ungrounded + ^result1b <c2> + ^result1c <c1> +)
}

sp {answer*start-chunking-partial-lit*StateNoChange*t2-1
    (state <s1> ^superstate nil ^object2 <c3> ^object1 <c2>
          ^object1 { >= <c1> <c1> })
    -->
    (<s1> ^result2a ungrounded + ^result2b <c3> + ^result2c <c2> +)
}




--------------------------------------------------------------------------------

(source_file
  (production
    (prod_name)
    (condsForOneId
      (condType)
      (idTest
        (variable))
      (attrValueTests
        (string)
        (valueTest
          (string)))
      (attrValueTests
        (string)
        (valueTest
          (string)))
      (attrValueTests
        (string)
        (valueTest
          (variable)))
      (attrValueTests
        (string)
        (valueTest
          (variable))))
    (variableMutation
      (variable)
      (attrValueMake
        (string)
        (valueMake
          (string)
          (unaryPreference)))
      (attrValueMake
        (string)
        (valueMake
          (variable)
          (unaryPreference)))
      (attrValueMake
        (string)
        (valueMake
          (variable)
          (unaryPreference)))))
  (production
    (prod_name)
    (condsForOneId
      (condType)
      (idTest
        (variable))
      (attrValueTests
        (string)
        (valueTest
          (string)))
      (attrValueTests
        (string)
        (valueTest
          (variable)))
      (attrValueTests
        (string)
        (valueTest
          (variable)))
      (attrValueTests
        (string)
        (valueTest
          (conjunctiveTest
            (relationalTest
              (relation)
              (variable))
            (variable)))))
    (variableMutation
      (variable)
      (attrValueMake
        (string)
        (valueMake
          (string)
          (unaryPreference)))
      (attrValueMake
        (string)
        (valueMake
          (variable)
          (unaryPreference)))
      (attrValueMake
        (string)
        (valueMake
          (variable)
          (unaryPreference))))))
