================================================================================
UnitTests/SoarTestAgents/Chunking/expected/ChunkingTests_NC_Simple_No_Exist_expected.soar
================================================================================

sp {answer*chunk*apply21a*onc*t3-1
    (state <s1> ^test-current 1 -^test-things <t*1> ^superstate nil)
    -->
    (<s1> ^result true + ^test-done 1 +)
}




--------------------------------------------------------------------------------

(source_file
  (production
    (prod_name)
    (condsForOneId
      (condType)
      (singleTest
        (variable))
      (attrValueTests
        (singleTest
          (string))
        (valueTest
          (singleTest
            (string))))
      (attrValueTests
        (singleTest
          (string))
        (valueTest
          (singleTest
            (variable))))
      (attrValueTests
        (singleTest
          (string))
        (valueTest
          (singleTest
            (string)))))
    (variableMutation
      (variable)
      (attrValueMake
        (string)
        (valueMake
          (string)
          (unaryPreference)))
      (attrValueMake
        (string)
        (valueMake
          (string)
          (unaryPreference))))))
